{
  "branches": {
    "base": {
      "counts": {
        "legacy": {
          "correct": 456,
          "incorrect": 44
        },
        "fixed": {
          "correct": 449,
          "incorrect": 35,
          "unknown": 16
        },
        "v3": {
          "correct": 466,
          "prediction_incomplete": 33,
          "unknown": 1
        }
      },
      "new_vs": {
        "legacy": {
          "new_correct": 11,
          "new_nontrue": 1,
          "net_correct": 10
        },
        "fixed": {
          "new_correct": 18,
          "new_nontrue": 1,
          "net_correct": 17
        }
      },
      "new_correct_vs_both": 9,
      "disagreements": 54
    },
    "adaptive": {
      "counts": {
        "legacy": {
          "correct": 485,
          "incorrect": 15
        },
        "fixed": {
          "correct": 476,
          "incorrect": 6,
          "unknown": 18
        },
        "v3": {
          "correct": 495,
          "prediction_incomplete": 3,
          "incorrect": 1,
          "unknown": 1
        }
      },
      "new_vs": {
        "legacy": {
          "new_correct": 11,
          "new_nontrue": 1,
          "net_correct": 10
        },
        "fixed": {
          "new_correct": 20,
          "new_nontrue": 1,
          "net_correct": 19
        }
      },
      "new_correct_vs_both": 9,
      "disagreements": 26
    }
  },
  "reviewed_records": 123,
  "reviewed_unique_tasks": 75,
  "review_status_counts": {
    "verified_by_exact_problem_proof": 87,
    "verified_submission_incomplete": 36
  },
  "sample_seed": 20261010,
  "sample_strata": "subject \u00d7 levels 1-2 / 3 / 4-5",
  "unanimous_correct_sample_unique_tasks": 21,
  "sample_both_branches_reviewed": true,
  "false_positives": {},
  "strict_false_negatives": {
    "legacy": 22,
    "fixed": 4
  },
  "verified_correct_abstentions": {
    "fixed": 34,
    "v3": 2
  },
  "reference_integrity_unique_tasks": 5,
  "automatically_unreviewed_records": 877,
  "independent_human_reviewers": 0,
  "complete_500_truth_certification": false,
  "limitations": "Retrospective same-data development; exact certificates cover selected tasks, not all automatic true answers."
}
