{
  "wall_seconds": 8.533482749015093,
  "worker_seconds": 99.95845648908289,
  "workers": 12,
  "records": 1000,
  "config": {
    "version": "3.0.0",
    "timeout_seconds": 4.0,
    "max_answer_chars": 4096,
    "max_text_chars": 100000,
    "max_nodes": 600,
    "max_nesting": 40,
    "memory_limit_mb": 1536,
    "workers": 12,
    "require_sealed_submission": true
  },
  "config_hash": "6ac932c2464edb410709e5e30e373f354d3c38b8b15321c31a0914701211fab6",
  "counts": {
    "base": {
      "correct": 462,
      "prediction_incomplete": 33,
      "incorrect": 1,
      "unknown": 4
    },
    "adaptive": {
      "correct": 491,
      "prediction_incomplete": 3,
      "incorrect": 2,
      "unknown": 4
    }
  },
  "new_llm_calls": 0
}
