{
  "records": 1195,
  "tasks": 1031,
  "cohorts": {
    "batch1_base": 500,
    "batch2": 577,
    "batch1_retries": 37,
    "earlier_recovery": 81
  },
  "reasoning_observable_records": 695,
  "reasoning_observable_tasks": 558,
  "taxonomy": [
    {
      "code": "F1",
      "name": "Answer Found but Not Finalized",
      "records": 12,
      "tasks": 11,
      "all_audited_tasks": 1031,
      "task_fraction": 0.01066925315227934,
      "ever_historical_correct_tasks": 5,
      "no_confirmed_correct_tasks": 6,
      "subjects": {
        "algebra": 1,
        "geometry": 5,
        "intermediate_algebra": 4,
        "counting_probability": 1
      },
      "mean_output_tokens": 8192.0
    },
    {
      "code": "F2",
      "name": "Repeated Reasoning / Verification Loop",
      "records": 16,
      "tasks": 5,
      "all_audited_tasks": 1031,
      "task_fraction": 0.004849660523763337,
      "ever_historical_correct_tasks": 0,
      "no_confirmed_correct_tasks": 5,
      "subjects": {
        "algebra": 1,
        "intermediate_algebra": 2,
        "geometry": 2
      },
      "mean_output_tokens": 9216.0
    },
    {
      "code": "F3",
      "name": "Goal Drift",
      "records": 1,
      "tasks": 1,
      "all_audited_tasks": 1031,
      "task_fraction": 0.0009699321047526673,
      "ever_historical_correct_tasks": 0,
      "no_confirmed_correct_tasks": 1,
      "subjects": {
        "number_theory": 1
      },
      "mean_output_tokens": 6641.0
    },
    {
      "code": "F4",
      "name": "Constraint Drift",
      "records": 0,
      "tasks": 0,
      "all_audited_tasks": 1031,
      "task_fraction": 0.0,
      "ever_historical_correct_tasks": 0,
      "no_confirmed_correct_tasks": 0,
      "subjects": {},
      "mean_output_tokens": 0.0
    },
    {
      "code": "F5",
      "name": "Ambiguous Problem Semantics",
      "records": 7,
      "tasks": 2,
      "all_audited_tasks": 1031,
      "task_fraction": 0.0019398642095053346,
      "ever_historical_correct_tasks": 0,
      "no_confirmed_correct_tasks": 2,
      "subjects": {
        "algebra": 1,
        "intermediate_algebra": 1
      },
      "mean_output_tokens": 8777.142857142857
    },
    {
      "code": "F6",
      "name": "True Mathematical Error",
      "records": 0,
      "tasks": 0,
      "all_audited_tasks": 1031,
      "task_fraction": 0.0,
      "ever_historical_correct_tasks": 0,
      "no_confirmed_correct_tasks": 0,
      "subjects": {},
      "mean_output_tokens": 0.0
    },
    {
      "code": "F7",
      "name": "Evaluator / Interface Failure",
      "records": 12,
      "tasks": 12,
      "all_audited_tasks": 1031,
      "task_fraction": 0.011639185257032008,
      "ever_historical_correct_tasks": 11,
      "no_confirmed_correct_tasks": 1,
      "subjects": {
        "algebra": 2,
        "counting_probability": 1,
        "prealgebra": 3,
        "intermediate_algebra": 3,
        "geometry": 2,
        "precalculus": 1
      },
      "mean_output_tokens": 1450.3333333333333
    },
    {
      "code": "F8",
      "name": "Unknown",
      "records": 152,
      "tasks": 67,
      "all_audited_tasks": 1031,
      "task_fraction": 0.06498545101842872,
      "ever_historical_correct_tasks": 29,
      "no_confirmed_correct_tasks": 38,
      "subjects": {
        "algebra": 2,
        "geometry": 13,
        "prealgebra": 13,
        "precalculus": 8,
        "intermediate_algebra": 24,
        "number_theory": 4,
        "counting_probability": 3
      },
      "mean_output_tokens": 4825.059210526316
    }
  ],
  "repeat_proxy_records": 5,
  "repeat_proxy_tasks": 5,
  "candidate_records": 411,
  "candidate_tasks": 342,
  "local_analysis_notes": {
    "Unsupported:ordered_tuple_requires_delimiters": 1,
    "ValueError:uncertain public answer specification": 4,
    "Unsupported:unparsed_prose_or_multiletter_identifier": 3,
    "Unsupported:unexpected_relation": 2,
    "Unsupported:invalid_finite_set_member": 2,
    "Unsupported:invalid_base_numeral": 1,
    "Unsupported:exponent_limit": 5,
    "Unsupported:unexpected_structured_value": 3,
    "Invalid:wrong_requested_unit": 3
  },
  "paid_calls": 0,
  "old_grades_rerun": false,
  "limits": "F1 exact-reference candidate evidence does not establish a complete solution. F2 reviewed lower bound; proxies are not confirmed loops. F3 goal error excluded from F6 arithmetic-error count. Earlier recovery uses different prompts. All success controls retained."
}
