{"task_id": "math_test_intermediate_algebra_712", "stage": "b0", "finish": "stop", "tokens": 237, "cumulative": 237}
{"task_id": "math_test_algebra_1085", "stage": "b0", "finish": "stop", "tokens": 203, "cumulative": 440}
{"task_id": "math_test_geometry_78", "stage": "b0", "finish": "stop", "tokens": 274, "cumulative": 714}
{"task_id": "math_test_prealgebra_651", "stage": "b0", "finish": "stop", "tokens": 196, "cumulative": 910}
{"task_id": "math_test_number_theory_119", "stage": "b2", "finish": "stop", "tokens": 228, "cumulative": 1138}
{"task_id": "math_test_number_theory_206", "stage": "b2", "finish": "stop", "tokens": 494, "cumulative": 1632}
{"task_id": "math_test_algebra_1014", "stage": "b2", "finish": "stop", "tokens": 348, "cumulative": 1980}
{"task_id": "math_test_counting_probability_70", "stage": "b2", "finish": "stop", "tokens": 604, "cumulative": 2584}
{"task_id": "math_test_algebra_1085", "stage": "b2", "finish": "stop", "tokens": 208, "cumulative": 2792}
{"task_id": "math_test_geometry_78", "stage": "b2", "finish": "stop", "tokens": 296, "cumulative": 3088}
{"task_id": "math_test_number_theory_426", "stage": "b2", "finish": "stop", "tokens": 356, "cumulative": 3444}
{"task_id": "math_test_intermediate_algebra_712", "stage": "b2", "finish": "stop", "tokens": 276, "cumulative": 3720}
{"task_id": "math_test_prealgebra_862", "stage": "b2", "finish": "stop", "tokens": 363, "cumulative": 4083}
{"task_id": "math_test_prealgebra_367", "stage": "b0", "finish": "stop", "tokens": 346, "cumulative": 4429}
{"task_id": "math_test_algebra_1014", "stage": "b0", "finish": "stop", "tokens": 328, "cumulative": 4757}
{"task_id": "math_test_algebra_769", "stage": "b2", "finish": "stop", "tokens": 518, "cumulative": 5275}
{"task_id": "math_test_number_theory_119", "stage": "b0", "finish": "stop", "tokens": 284, "cumulative": 5559}
{"task_id": "math_test_geometry_442", "stage": "b0", "finish": "stop", "tokens": 484, "cumulative": 6043}
{"task_id": "math_test_prealgebra_862", "stage": "b0", "finish": "stop", "tokens": 314, "cumulative": 6357}
{"task_id": "math_test_prealgebra_66", "stage": "b0", "finish": "stop", "tokens": 339, "cumulative": 6696}
{"task_id": "math_test_intermediate_algebra_507", "stage": "b2", "finish": "stop", "tokens": 542, "cumulative": 7238}
{"task_id": "math_test_prealgebra_370", "stage": "b2", "finish": "stop", "tokens": 489, "cumulative": 7727}
{"task_id": "math_test_precalculus_27", "stage": "b2", "finish": "stop", "tokens": 575, "cumulative": 8302}
{"task_id": "math_test_algebra_625", "stage": "b2", "finish": "stop", "tokens": 501, "cumulative": 8803}
{"task_id": "math_test_intermediate_algebra_507", "stage": "b0", "finish": "stop", "tokens": 456, "cumulative": 9259}
{"task_id": "math_test_prealgebra_367", "stage": "b2", "finish": "stop", "tokens": 488, "cumulative": 9747}
{"task_id": "math_test_counting_probability_70", "stage": "b0", "finish": "stop", "tokens": 610, "cumulative": 10357}
{"task_id": "math_test_counting_probability_243", "stage": "b0", "finish": "stop", "tokens": 592, "cumulative": 10949}
{"task_id": "math_test_number_theory_206", "stage": "b0", "finish": "stop", "tokens": 542, "cumulative": 11491}
{"task_id": "math_test_counting_probability_403", "stage": "b0", "finish": "stop", "tokens": 567, "cumulative": 12058}
{"task_id": "math_test_intermediate_algebra_502", "stage": "b2", "finish": "stop", "tokens": 731, "cumulative": 12789}
{"task_id": "math_test_precalculus_12", "stage": "b2", "finish": "stop", "tokens": 788, "cumulative": 13577}
{"task_id": "math_test_intermediate_algebra_652", "stage": "b2", "finish": "stop", "tokens": 658, "cumulative": 14235}
{"task_id": "math_test_geometry_442", "stage": "b2", "finish": "stop", "tokens": 564, "cumulative": 14799}
{"task_id": "math_test_intermediate_algebra_502", "stage": "b0", "finish": "stop", "tokens": 601, "cumulative": 15400}
{"task_id": "math_test_precalculus_27", "stage": "b0", "finish": "stop", "tokens": 678, "cumulative": 16078}
{"task_id": "math_test_prealgebra_545", "stage": "b0", "finish": "stop", "tokens": 1171, "cumulative": 17249}
{"task_id": "math_test_counting_probability_243", "stage": "b2", "finish": "stop", "tokens": 572, "cumulative": 17821}
{"task_id": "math_test_geometry_272", "stage": "b2", "finish": "stop", "tokens": 860, "cumulative": 18681}
{"task_id": "math_test_number_theory_426", "stage": "b0", "finish": "stop", "tokens": 491, "cumulative": 19172}
{"task_id": "math_test_prealgebra_66", "stage": "b2", "finish": "stop", "tokens": 404, "cumulative": 19576}
{"task_id": "math_test_prealgebra_651", "stage": "b2", "finish": "stop", "tokens": 251, "cumulative": 19827}
{"task_id": "math_test_intermediate_algebra_613", "stage": "b2", "finish": "stop", "tokens": 429, "cumulative": 20256}
{"task_id": "math_test_counting_probability_403", "stage": "b2", "finish": "stop", "tokens": 722, "cumulative": 20978}
{"task_id": "math_test_algebra_692", "stage": "b0", "finish": "stop", "tokens": 513, "cumulative": 21491}
{"task_id": "math_test_geometry_272", "stage": "b0", "finish": "stop", "tokens": 957, "cumulative": 22448}
{"task_id": "math_test_intermediate_algebra_652", "stage": "b0", "finish": "stop", "tokens": 900, "cumulative": 23348}
{"task_id": "math_test_algebra_769", "stage": "b0", "finish": "stop", "tokens": 551, "cumulative": 23899}
{"task_id": "math_test_counting_probability_133", "stage": "b2", "finish": "stop", "tokens": 581, "cumulative": 24480}
{"task_id": "math_test_algebra_692", "stage": "b2", "finish": "stop", "tokens": 493, "cumulative": 24973}
{"task_id": "math_test_prealgebra_370", "stage": "b0", "finish": "stop", "tokens": 536, "cumulative": 25509}
{"task_id": "math_test_algebra_625", "stage": "b0", "finish": "stop", "tokens": 701, "cumulative": 26210}
{"task_id": "math_test_counting_probability_133", "stage": "b0", "finish": "stop", "tokens": 542, "cumulative": 26752}
{"task_id": "math_test_precalculus_12", "stage": "b0", "finish": "stop", "tokens": 1220, "cumulative": 27972}
{"task_id": "math_test_intermediate_algebra_613", "stage": "b0", "finish": "stop", "tokens": 579, "cumulative": 28551}
{"task_id": "math_test_number_theory_114", "stage": "b2", "finish": "stop", "tokens": 1178, "cumulative": 29729}
{"task_id": "math_test_number_theory_114", "stage": "b0", "finish": "stop", "tokens": 1036, "cumulative": 30765}
{"task_id": "math_test_number_theory_161", "stage": "b2", "finish": "stop", "tokens": 1122, "cumulative": 31887}
{"task_id": "math_test_prealgebra_545", "stage": "b2", "finish": "stop", "tokens": 1162, "cumulative": 33049}
{"task_id": "math_test_precalculus_225", "stage": "b2", "finish": "stop", "tokens": 1776, "cumulative": 34825}
{"task_id": "math_test_precalculus_47", "stage": "b0", "finish": "stop", "tokens": 1669, "cumulative": 36494}
{"task_id": "math_test_precalculus_9", "stage": "b0", "finish": "stop", "tokens": 1673, "cumulative": 38167}
{"task_id": "math_test_precalculus_43", "stage": "b0", "finish": "stop", "tokens": 2063, "cumulative": 40230}
{"task_id": "math_test_precalculus_9", "stage": "b2", "finish": "stop", "tokens": 1758, "cumulative": 41988}
{"task_id": "math_test_intermediate_algebra_349", "stage": "b0", "finish": "stop", "tokens": 1927, "cumulative": 43915}
{"task_id": "math_test_precalculus_47", "stage": "b2", "finish": "stop", "tokens": 2150, "cumulative": 46065}
{"task_id": "math_test_geometry_34", "stage": "b0", "finish": "stop", "tokens": 1941, "cumulative": 48006}
{"task_id": "math_test_number_theory_161", "stage": "b0", "finish": "stop", "tokens": 1963, "cumulative": 49969}
{"task_id": "math_test_counting_probability_263", "stage": "b0", "finish": "stop", "tokens": 2039, "cumulative": 52008}
{"task_id": "math_test_precalculus_225", "stage": "b0", "finish": "stop", "tokens": 2887, "cumulative": 54895}
{"task_id": "math_test_geometry_34", "stage": "b2", "finish": "stop", "tokens": 2367, "cumulative": 57262}
{"task_id": "math_test_counting_probability_442", "stage": "b0", "finish": "stop", "tokens": 2339, "cumulative": 59601}
{"task_id": "math_test_counting_probability_263", "stage": "b2", "finish": "stop", "tokens": 2864, "cumulative": 62465}
{"task_id": "math_test_counting_probability_442", "stage": "b2", "finish": "stop", "tokens": 3073, "cumulative": 65538}
{"task_id": "math_test_precalculus_43", "stage": "b2", "finish": "stop", "tokens": 3414, "cumulative": 68952}
{"task_id": "math_test_geometry_75", "stage": "b0", "finish": "length", "tokens": 4434, "cumulative": 73386}
{"task_id": "math_test_geometry_232", "stage": "b0", "finish": "length", "tokens": 4337, "cumulative": 77723}
{"task_id": "math_test_geometry_75", "stage": "b2", "finish": "stop", "tokens": 9285, "cumulative": 87008}
{"task_id": "math_test_intermediate_algebra_349", "stage": "b2", "finish": "stop", "tokens": 11515, "cumulative": 98523}
{"task_id": "math_test_geometry_232", "stage": "b2", "finish": "stop", "tokens": 14113, "cumulative": 112636}
{"task_id": "math_test_geometry_75", "stage": "b1_8192", "finish": "stop", "tokens": 6201, "cumulative": 118837}
{"task_id": "math_test_geometry_232", "stage": "b1_8192", "finish": "length", "tokens": 8433, "cumulative": 127270}
{"task_id": "math_test_geometry_232", "stage": "b1_16384", "finish": "stop", "tokens": 12423, "cumulative": 139693}
{"task_id": "math_test_intermediate_algebra_712", "stage": "generic", "finish": "stop", "tokens": 374, "cumulative": 140067}
{"task_id": "math_test_number_theory_206", "stage": "generic", "finish": "stop", "tokens": 675, "cumulative": 140742}
{"task_id": "math_test_algebra_692", "stage": "generic", "finish": "stop", "tokens": 801, "cumulative": 141543}
{"task_id": "math_test_number_theory_119", "stage": "generic", "finish": "stop", "tokens": 334, "cumulative": 141877}
{"task_id": "math_test_counting_probability_403", "stage": "generic", "finish": "stop", "tokens": 604, "cumulative": 142481}
{"task_id": "math_test_algebra_1085", "stage": "generic", "finish": "stop", "tokens": 364, "cumulative": 142845}
{"task_id": "math_test_number_theory_426", "stage": "generic", "finish": "stop", "tokens": 745, "cumulative": 143590}
{"task_id": "math_test_prealgebra_651", "stage": "generic", "finish": "stop", "tokens": 406, "cumulative": 143996}
{"task_id": "math_test_prealgebra_66", "stage": "generic", "finish": "stop", "tokens": 567, "cumulative": 144563}
{"task_id": "math_test_algebra_769", "stage": "generic", "finish": "stop", "tokens": 770, "cumulative": 145333}
{"task_id": "math_test_prealgebra_862", "stage": "generic", "finish": "stop", "tokens": 489, "cumulative": 145822}
{"task_id": "math_test_intermediate_algebra_613", "stage": "generic", "finish": "stop", "tokens": 681, "cumulative": 146503}
{"task_id": "math_test_algebra_1014", "stage": "generic", "finish": "stop", "tokens": 490, "cumulative": 146993}
{"task_id": "math_test_counting_probability_243", "stage": "generic", "finish": "stop", "tokens": 771, "cumulative": 147764}
{"task_id": "math_test_geometry_442", "stage": "generic", "finish": "stop", "tokens": 893, "cumulative": 148657}
{"task_id": "math_test_intermediate_algebra_507", "stage": "generic", "finish": "stop", "tokens": 617, "cumulative": 149274}
{"task_id": "math_test_prealgebra_370", "stage": "generic", "finish": "stop", "tokens": 775, "cumulative": 150049}
{"task_id": "math_test_counting_probability_133", "stage": "generic", "finish": "stop", "tokens": 701, "cumulative": 150750}
{"task_id": "math_test_intermediate_algebra_652", "stage": "generic", "finish": "stop", "tokens": 931, "cumulative": 151681}
{"task_id": "math_test_precalculus_27", "stage": "generic", "finish": "stop", "tokens": 868, "cumulative": 152549}
{"task_id": "math_test_prealgebra_367", "stage": "generic", "finish": "stop", "tokens": 843, "cumulative": 153392}
{"task_id": "math_test_algebra_625", "stage": "generic", "finish": "stop", "tokens": 889, "cumulative": 154281}
{"task_id": "math_test_intermediate_algebra_502", "stage": "generic", "finish": "stop", "tokens": 1013, "cumulative": 155294}
{"task_id": "math_test_counting_probability_70", "stage": "generic", "finish": "stop", "tokens": 879, "cumulative": 156173}
{"task_id": "math_test_intermediate_algebra_349", "stage": "generic", "finish": "stop", "tokens": 1403, "cumulative": 157576}
{"task_id": "math_test_geometry_272", "stage": "generic", "finish": "stop", "tokens": 1125, "cumulative": 158701}
{"task_id": "math_test_precalculus_12", "stage": "generic", "finish": "stop", "tokens": 1104, "cumulative": 159805}
{"task_id": "math_test_number_theory_114", "stage": "generic", "finish": "stop", "tokens": 1272, "cumulative": 161077}
{"task_id": "math_test_prealgebra_545", "stage": "generic", "finish": "stop", "tokens": 1652, "cumulative": 162729}
{"task_id": "math_test_precalculus_225", "stage": "generic", "finish": "stop", "tokens": 2099, "cumulative": 164828}
{"task_id": "math_test_precalculus_9", "stage": "generic", "finish": "stop", "tokens": 2012, "cumulative": 166840}
{"task_id": "math_test_geometry_34", "stage": "generic", "finish": "stop", "tokens": 2370, "cumulative": 169210}
{"task_id": "math_test_number_theory_161", "stage": "generic", "finish": "stop", "tokens": 1470, "cumulative": 170680}
{"task_id": "math_test_counting_probability_263", "stage": "generic", "finish": "stop", "tokens": 2031, "cumulative": 172711}
{"task_id": "math_test_counting_probability_442", "stage": "generic", "finish": "stop", "tokens": 2399, "cumulative": 175110}
{"task_id": "math_test_precalculus_43", "stage": "generic", "finish": "stop", "tokens": 4086, "cumulative": 179196}
{"task_id": "math_test_geometry_75", "stage": "generic", "finish": "length", "tokens": 4986, "cumulative": 184182}
{"task_id": "math_test_precalculus_47", "stage": "generic", "finish": "length", "tokens": 4529, "cumulative": 188711}
{"task_id": "math_test_geometry_232", "stage": "generic", "finish": "length", "tokens": 4717, "cumulative": 193428}
Traceback (most recent call last):
  File "/mnt/Space1/FlowEvo+BoT/experiments/failure_mechanism_a1_a2_pilot/code/run_pilot.py", line 165, in <module>
    if __name__=='__main__':main()
  File "/mnt/Space1/FlowEvo+BoT/experiments/failure_mechanism_a1_a2_pilot/code/run_pilot.py", line 155, in main
    interventions=run_jobs(runner,jobs);allcalls=first+second+third+interventions;by.update({(r['task_id'],r['stage']):r for r in interventions})
  File "/mnt/Space1/FlowEvo+BoT/experiments/failure_mechanism_a1_a2_pilot/code/run_pilot.py", line 114, in run_jobs
    if errors:save(runner.out/'checkpoints/stopped.json',{'errors':errors,'actual_tokens':runner.actual,'calls_reserved':runner.calls});raise BudgetStop('Some jobs unexecuted/failed; inspect stopped.json')
__main__.BudgetStop: Some jobs unexecuted/failed; inspect stopped.json
