{"task_id": "math_test_geometry_453", "budget": 8192, "finish_reason": "stop", "total_tokens": 2165, "needs_more_budget": false}
{"task_id": "math_test_intermediate_algebra_6", "budget": 8192, "finish_reason": "stop", "total_tokens": 2552, "needs_more_budget": false}
{"task_id": "math_test_intermediate_algebra_294", "budget": 8192, "finish_reason": "stop", "total_tokens": 3667, "needs_more_budget": false}
{"task_id": "math_test_prealgebra_573", "budget": 8192, "finish_reason": "stop", "total_tokens": 3634, "needs_more_budget": false}
{"task_id": "math_test_prealgebra_796", "budget": 8192, "finish_reason": "stop", "total_tokens": 3953, "needs_more_budget": false}
{"task_id": "math_test_prealgebra_100", "budget": 8192, "finish_reason": "stop", "total_tokens": 4254, "needs_more_budget": false}
{"task_id": "math_test_precalculus_219", "budget": 8192, "finish_reason": "stop", "total_tokens": 4843, "needs_more_budget": false}
{"task_id": "math_test_geometry_243", "budget": 8192, "finish_reason": "stop", "total_tokens": 4478, "needs_more_budget": false}
{"task_id": "math_test_intermediate_algebra_763", "budget": 8192, "finish_reason": "stop", "total_tokens": 4760, "needs_more_budget": false}
{"task_id": "math_test_intermediate_algebra_257", "budget": 8192, "finish_reason": "stop", "total_tokens": 5929, "needs_more_budget": false}
{"task_id": "math_test_counting_probability_101", "budget": 8192, "finish_reason": "stop", "total_tokens": 5687, "needs_more_budget": false}
{"task_id": "math_test_intermediate_algebra_593", "budget": 8192, "finish_reason": "stop", "total_tokens": 5519, "needs_more_budget": false}
{"task_id": "math_test_geometry_98", "budget": 8192, "finish_reason": "stop", "total_tokens": 6376, "needs_more_budget": false}
{"task_id": "math_test_intermediate_algebra_392", "budget": 8192, "finish_reason": "stop", "total_tokens": 6800, "needs_more_budget": false}
{"task_id": "math_test_intermediate_algebra_364", "budget": 8192, "finish_reason": "length", "total_tokens": 8301, "needs_more_budget": true}
{"task_id": "math_test_intermediate_algebra_408", "budget": 8192, "finish_reason": "stop", "total_tokens": 7854, "needs_more_budget": false}
{"task_id": "math_test_geometry_214", "budget": 8192, "finish_reason": "length", "total_tokens": 8696, "needs_more_budget": true}
{"task_id": "math_test_prealgebra_131", "budget": 8192, "finish_reason": "length", "total_tokens": 8366, "needs_more_budget": true}
{"task_id": "math_test_prealgebra_743", "budget": 8192, "finish_reason": "stop", "total_tokens": 8253, "needs_more_budget": false}
{"task_id": "math_test_intermediate_algebra_253", "budget": 8192, "finish_reason": "length", "total_tokens": 8287, "needs_more_budget": true}
{"task_id": "math_test_number_theory_273", "budget": 8192, "finish_reason": "length", "total_tokens": 8307, "needs_more_budget": true}
{"task_id": "math_test_prealgebra_583", "budget": 8192, "finish_reason": "length", "total_tokens": 8404, "needs_more_budget": true}
{"task_id": "math_test_intermediate_algebra_237", "budget": 8192, "finish_reason": "length", "total_tokens": 8361, "needs_more_budget": true}
{"task_id": "math_test_intermediate_algebra_165", "budget": 8192, "finish_reason": "length", "total_tokens": 8318, "needs_more_budget": true}
{"task_id": "math_test_intermediate_algebra_557", "budget": 8192, "finish_reason": "length", "total_tokens": 8329, "needs_more_budget": true}
{"task_id": "math_test_counting_probability_40", "budget": 8192, "finish_reason": "stop", "total_tokens": 7785, "needs_more_budget": false}
{"task_id": "math_test_geometry_66", "budget": 8192, "finish_reason": "length", "total_tokens": 8295, "needs_more_budget": true}
SEALED first rung; escalating 10 by observable completeness only
{"task_id": "math_test_prealgebra_131", "budget": 16384, "finish_reason": "stop", "total_tokens": 7588, "needs_more_budget": false}
{"task_id": "math_test_intermediate_algebra_364", "budget": 16384, "finish_reason": "stop", "total_tokens": 8683, "needs_more_budget": false}
{"task_id": "math_test_intermediate_algebra_165", "budget": 16384, "finish_reason": "stop", "total_tokens": 7577, "needs_more_budget": false}
{"task_id": "math_test_number_theory_273", "budget": 16384, "finish_reason": "stop", "total_tokens": 8476, "needs_more_budget": false}
{"task_id": "math_test_intermediate_algebra_557", "budget": 16384, "finish_reason": "stop", "total_tokens": 11438, "needs_more_budget": false}
{"task_id": "math_test_intermediate_algebra_237", "budget": 16384, "finish_reason": "stop", "total_tokens": 12766, "needs_more_budget": false}
{"task_id": "math_test_geometry_214", "budget": 16384, "finish_reason": "stop", "total_tokens": 13149, "needs_more_budget": false}
{"task_id": "math_test_prealgebra_583", "budget": 16384, "finish_reason": "stop", "total_tokens": 13581, "needs_more_budget": false}
{"task_id": "math_test_intermediate_algebra_253", "budget": 16384, "finish_reason": "length", "total_tokens": 16479, "needs_more_budget": true}
{"task_id": "math_test_geometry_66", "budget": 16384, "finish_reason": "length", "total_tokens": 16487, "needs_more_budget": true}
GENERATION COMPLETE 37 calls; 288397 tokens.
