{
  "tangent_checks": [
    {
      "k": "-3/4",
      "point": [
        "-1/2",
        "-1/2"
      ],
      "first_slope": "-1",
      "second_slope": "-1",
      "equation_and_slope_residuals": [
        "0",
        "0",
        "0"
      ],
      "intersection_quartic_factorization": "(2*x - 3)*(2*x + 1)**3/16"
    },
    {
      "k": "1/4",
      "point": [
        "1/2",
        "1/2"
      ],
      "first_slope": "1",
      "second_slope": "1",
      "equation_and_slope_residuals": [
        "0",
        "0",
        "0"
      ],
      "intersection_quartic_factorization": "(2*x - 1)**2*(4*x**2 + 4*x + 5)/16"
    }
  ],
  "cylinder_answer": "pi/9",
  "true_failures": 0,
  "ambiguity_flags": 1
}
