near_pairs 2
[
  {
    "train_id": "mbpp_train_712",
    "confirmation_id": "mbpp_train_932",
    "similarity": 0.8702290076335878,
    "train": "Write a function to remove duplicates from a list of lists.",
    "confirmation": "Write a function to remove duplicate words from a given list of strings."
  },
  {
    "train_id": "mbpp_train_779",
    "confirmation_id": "mbpp_train_758",
    "similarity": 0.9692307692307692,
    "train": "Write a function to count the number of unique lists within a list.",
    "confirmation": "Write a function to count number of unique lists within a list."
  }
]
canonical_failures [
  {
    "task_id": "mbpp_train_938",
    "check": {
      "compile_ok": true,
      "passed": false,
      "environment_issue": true,
      "evidence": [
        {
          "kind": "unsupported_import",
          "modules": [
            "sys"
          ]
        }
      ]
    }
  }
]
