{
  "four_way": [
    {
      "method": "A",
      "correct": 456,
      "count": 500,
      "accuracy": 0.912,
      "unknown": 0,
      "api_calls": 500,
      "input_tokens": 61917,
      "output_tokens": 497010,
      "total_tokens": 558927,
      "cost_usd_estimate": 0.3074935499999998,
      "tokens_per_correct": 1225.717105263158
    },
    {
      "method": "B",
      "correct": 449,
      "count": 500,
      "accuracy": 0.898,
      "unknown": 16,
      "api_calls": 500,
      "input_tokens": 61917,
      "output_tokens": 497010,
      "total_tokens": 558927,
      "cost_usd_estimate": 0.3074935499999998,
      "tokens_per_correct": 1244.826280623608
    },
    {
      "method": "C",
      "correct": 485,
      "count": 500,
      "accuracy": 0.97,
      "unknown": 0,
      "api_calls": 544,
      "input_tokens": 72677,
      "output_tokens": 778162,
      "total_tokens": 850839,
      "cost_usd_estimate": 0.477347166,
      "tokens_per_correct": 1754.3072164948453
    },
    {
      "method": "D",
      "correct": 476,
      "count": 500,
      "accuracy": 0.952,
      "unknown": 18,
      "api_calls": 544,
      "input_tokens": 72677,
      "output_tokens": 778162,
      "total_tokens": 850839,
      "cost_usd_estimate": 0.477347166,
      "tokens_per_correct": 1787.4768907563025
    }
  ],
  "contributions": {
    "B_minus_A": -7,
    "D_minus_B": 27,
    "D_minus_A": 20,
    "D_minus_C": -9
  },
  "stages": [
    {
      "stage": "base4096",
      "calls": 500,
      "complete": 467,
      "correct_fixed": 449,
      "unknown_fixed": 16,
      "truncated": 33,
      "missing_final": 33,
      "complete_automatically_wrong": 2,
      "input_tokens": 61917,
      "output_tokens": 497010,
      "total_tokens": 558927,
      "usd_estimate": 0.3074935499999998
    },
    {
      "stage": "upgrade8192",
      "calls": 33,
      "complete": 22,
      "correct_fixed": 19,
      "unknown_fixed": 2,
      "truncated": 11,
      "missing_final": 11,
      "complete_automatically_wrong": 1,
      "input_tokens": 7873,
      "output_tokens": 175698,
      "total_tokens": 183571,
      "usd_estimate": 0.106279878
    },
    {
      "stage": "upgrade16384",
      "calls": 11,
      "complete": 8,
      "correct_fixed": 8,
      "unknown_fixed": 0,
      "truncated": 3,
      "missing_final": 3,
      "complete_automatically_wrong": 0,
      "input_tokens": 2887,
      "output_tokens": 105454,
      "total_tokens": 108341,
      "usd_estimate": 0.06357373799999999
    },
    {
      "stage": "control4096",
      "calls": 33,
      "complete": 10,
      "correct_fixed": 9,
      "unknown_fixed": 1,
      "truncated": 23,
      "missing_final": 23,
      "complete_automatically_wrong": 0,
      "input_tokens": 7873,
      "output_tokens": 119854,
      "total_tokens": 127727,
      "usd_estimate": 0.072773478
    }
  ],
  "actual_unique_normal_calls": 577,
  "actual_total_tokens": 978566,
  "failure_candidates": 24,
  "disagreement_responses": 22,
  "paired_B_vs_D": {
    "n": 500,
    "both_correct": 449,
    "first_only_correct_harm": 0,
    "second_only_correct_benefit": 27,
    "both_not_confirmed_correct": 24,
    "first_correct": 449,
    "second_correct": 476,
    "accuracy_difference": 0.054,
    "difference_percentage_points": 5.4,
    "mcnemar_exact_two_sided_p": 1.4901161193847656e-08,
    "paired_bootstrap_95ci": [
      0.034,
      0.074
    ],
    "bootstrap_seed": 20261012,
    "bootstrap_repetitions": 20000,
    "unknown_policy": "not confirmed correct for primary counts; unknown reported separately; no assertion of mathematical error"
  },
  "paired_E_vs_8192": {
    "n": 33,
    "both_correct": 8,
    "first_only_correct_harm": 1,
    "second_only_correct_benefit": 11,
    "both_not_confirmed_correct": 13,
    "first_correct": 9,
    "second_correct": 19,
    "accuracy_difference": 0.30303030303030304,
    "difference_percentage_points": 30.303030303030305,
    "mcnemar_exact_two_sided_p": 0.00634765625,
    "paired_bootstrap_95ci": [
      0.12121212121212122,
      0.48484848484848486
    ],
    "bootstrap_seed": 20261012,
    "bootstrap_repetitions": 20000,
    "unknown_policy": "not confirmed correct for primary counts; unknown reported separately; no assertion of mathematical error"
  }
}
