{"task_id": "math_test_algebra_1147", "stage": "base4096", "finish_reason": "stop", "complete": true, "tokens": 255, "cumulative_tokens": 255}
{"task_id": "math_test_algebra_528", "stage": "base4096", "finish_reason": "stop", "complete": true, "tokens": 297, "cumulative_tokens": 552}
{"task_id": "math_test_algebra_1120", "stage": "base4096", "finish_reason": "stop", "complete": true, "tokens": 312, "cumulative_tokens": 864}
{"task_id": "math_test_algebra_747", "stage": "base4096", "finish_reason": "stop", "complete": true, "tokens": 286, "cumulative_tokens": 1150}
{"task_id": "math_test_algebra_545", "stage": "base4096", "finish_reason": "stop", "complete": true, "tokens": 227, "cumulative_tokens": 1377}
{"task_id": "math_test_algebra_1075", "stage": "base4096", "finish_reason": "stop", "complete": true, "tokens": 363, "cumulative_tokens": 1740}
{"task_id": "math_test_algebra_1126", "stage": "base4096", "finish_reason": "stop", "complete": true, "tokens": 245, "cumulative_tokens": 1985}
{"task_id": "math_test_algebra_718", "stage": "base4096", "finish_reason": "stop", "complete": true, "tokens": 267, "cumulative_tokens": 2252}
{"task_id": "math_test_algebra_1020", "stage": "base4096", "finish_reason": "stop", "complete": true, "tokens": 286, "cumulative_tokens": 2538}
{"task_id": "math_test_algebra_663", "stage": "base4096", "finish_reason": "stop", "complete": true, "tokens": 265, "cumulative_tokens": 2803}
{"task_id": "math_test_algebra_737", "stage": "base4096", "finish_reason": "stop", "complete": true, "tokens": 245, "cumulative_tokens": 3048}
{"task_id": "math_test_algebra_1034", "stage": "base4096", "finish_reason": "stop", "complete": true, "tokens": 317, "cumulative_tokens": 3365}
{"task_id": "math_test_algebra_1133", "stage": "base4096", "finish_reason": "stop", "complete": true, "tokens": 348, "cumulative_tokens": 3713}
{"task_id": "math_test_algebra_1052", "stage": "base4096", "finish_reason": "stop", "complete": true, "tokens": 294, "cumulative_tokens": 4007}
{"task_id": "math_test_algebra_816", "stage": "base4096", "finish_reason": "stop", "complete": true, "tokens": 264, "cumulative_tokens": 4271}
{"task_id": "math_test_algebra_875", "stage": "base4096", "finish_reason": "stop", "complete": true, "tokens": 310, "cumulative_tokens": 4581}
{"task_id": "math_test_algebra_890", "stage": "base4096", "finish_reason": "stop", "complete": true, "tokens": 258, "cumulative_tokens": 4839}
{"task_id": "math_test_algebra_1022", "stage": "base4096", "finish_reason": "stop", "complete": true, "tokens": 466, "cumulative_tokens": 5305}
{"task_id": "math_test_algebra_580", "stage": "base4096", "finish_reason": "stop", "complete": true, "tokens": 223, "cumulative_tokens": 5528}
{"task_id": "math_test_algebra_893", "stage": "base4096", "finish_reason": "stop", "complete": true, "tokens": 311, "cumulative_tokens": 5839}
{"task_id": "math_test_algebra_869", "stage": "base4096", "finish_reason": "stop", "complete": true, "tokens": 204, "cumulative_tokens": 6043}
{"task_id": "math_test_algebra_621", "stage": "base4096", "finish_reason": "stop", "complete": true, "tokens": 282, "cumulative_tokens": 6325}
{"task_id": "math_test_algebra_760", "stage": "base4096", "finish_reason": "stop", "complete": true, "tokens": 306, "cumulative_tokens": 6631}
{"task_id": "math_test_algebra_823", "stage": "base4096", "finish_reason": "stop", "complete": true, "tokens": 299, "cumulative_tokens": 6930}
{"task_id": "math_test_algebra_1042", "stage": "base4096", "finish_reason": "stop", "complete": true, "tokens": 506, "cumulative_tokens": 7436}
{"task_id": "math_test_algebra_801", "stage": "base4096", "finish_reason": "stop", "complete": true, "tokens": 369, "cumulative_tokens": 7805}
{"task_id": "math_test_algebra_1167", "stage": "base4096", "finish_reason": "stop", "complete": true, "tokens": 375, "cumulative_tokens": 8180}
{"task_id": "math_test_algebra_1099", "stage": "base4096", "finish_reason": "stop", "complete": true, "tokens": 511, "cumulative_tokens": 8691}
{"task_id": "math_test_algebra_1090", "stage": "base4096", "finish_reason": "stop", "complete": true, "tokens": 533, "cumulative_tokens": 9224}
{"task_id": "math_test_algebra_800", "stage": "base4096", "finish_reason": "stop", "complete": true, "tokens": 368, "cumulative_tokens": 9592}
{"task_id": "math_test_algebra_1160", "stage": "base4096", "finish_reason": "stop", "complete": true, "tokens": 374, "cumulative_tokens": 9966}
{"task_id": "math_test_algebra_1071", "stage": "base4096", "finish_reason": "stop", "complete": true, "tokens": 584, "cumulative_tokens": 10550}
{"task_id": "math_test_algebra_564", "stage": "base4096", "finish_reason": "stop", "complete": true, "tokens": 469, "cumulative_tokens": 11019}
{"task_id": "math_test_algebra_774", "stage": "base4096", "finish_reason": "stop", "complete": true, "tokens": 443, "cumulative_tokens": 11462}
{"task_id": "math_test_algebra_843", "stage": "base4096", "finish_reason": "stop", "complete": true, "tokens": 364, "cumulative_tokens": 11826}
{"task_id": "math_test_algebra_522", "stage": "base4096", "finish_reason": "stop", "complete": true, "tokens": 622, "cumulative_tokens": 12448}
{"task_id": "math_test_algebra_1083", "stage": "base4096", "finish_reason": "stop", "complete": true, "tokens": 501, "cumulative_tokens": 12949}
{"task_id": "math_test_algebra_530", "stage": "base4096", "finish_reason": "stop", "complete": true, "tokens": 564, "cumulative_tokens": 13513}
{"task_id": "math_test_algebra_764", "stage": "base4096", "finish_reason": "stop", "complete": true, "tokens": 349, "cumulative_tokens": 13862}
{"task_id": "math_test_algebra_922", "stage": "base4096", "finish_reason": "stop", "complete": true, "tokens": 261, "cumulative_tokens": 14123}
{"task_id": "math_test_algebra_829", "stage": "base4096", "finish_reason": "stop", "complete": true, "tokens": 447, "cumulative_tokens": 14570}
{"task_id": "math_test_algebra_937", "stage": "base4096", "finish_reason": "stop", "complete": true, "tokens": 271, "cumulative_tokens": 14841}
{"task_id": "math_test_algebra_1173", "stage": "base4096", "finish_reason": "stop", "complete": true, "tokens": 460, "cumulative_tokens": 15301}
{"task_id": "math_test_algebra_695", "stage": "base4096", "finish_reason": "stop", "complete": true, "tokens": 437, "cumulative_tokens": 15738}
{"task_id": "math_test_algebra_704", "stage": "base4096", "finish_reason": "stop", "complete": true, "tokens": 651, "cumulative_tokens": 16389}
{"task_id": "math_test_algebra_926", "stage": "base4096", "finish_reason": "stop", "complete": true, "tokens": 207, "cumulative_tokens": 16596}
{"task_id": "math_test_algebra_892", "stage": "base4096", "finish_reason": "stop", "complete": true, "tokens": 453, "cumulative_tokens": 17049}
{"task_id": "math_test_algebra_943", "stage": "base4096", "finish_reason": "stop", "complete": true, "tokens": 338, "cumulative_tokens": 17387}
{"task_id": "math_test_algebra_754", "stage": "base4096", "finish_reason": "stop", "complete": true, "tokens": 486, "cumulative_tokens": 17873}
{"task_id": "math_test_algebra_767", "stage": "base4096", "finish_reason": "stop", "complete": true, "tokens": 592, "cumulative_tokens": 18465}
{"task_id": "math_test_algebra_1115", "stage": "base4096", "finish_reason": "stop", "complete": true, "tokens": 592, "cumulative_tokens": 19057}
{"task_id": "math_test_algebra_964", "stage": "base4096", "finish_reason": "stop", "complete": true, "tokens": 241, "cumulative_tokens": 19298}
{"task_id": "math_test_algebra_954", "stage": "base4096", "finish_reason": "stop", "complete": true, "tokens": 313, "cumulative_tokens": 19611}
{"task_id": "math_test_algebra_930", "stage": "base4096", "finish_reason": "stop", "complete": true, "tokens": 436, "cumulative_tokens": 20047}
{"task_id": "math_test_algebra_844", "stage": "base4096", "finish_reason": "stop", "complete": true, "tokens": 516, "cumulative_tokens": 20563}
{"task_id": "math_test_algebra_965", "stage": "base4096", "finish_reason": "stop", "complete": true, "tokens": 309, "cumulative_tokens": 20872}
{"task_id": "math_test_algebra_944", "stage": "base4096", "finish_reason": "stop", "complete": true, "tokens": 359, "cumulative_tokens": 21231}
{"task_id": "math_test_counting_probability_206", "stage": "base4096", "finish_reason": "stop", "complete": true, "tokens": 205, "cumulative_tokens": 21436}
{"task_id": "math_test_algebra_652", "stage": "base4096", "finish_reason": "stop", "complete": true, "tokens": 622, "cumulative_tokens": 22058}
{"task_id": "math_test_algebra_897", "stage": "base4096", "finish_reason": "stop", "complete": true, "tokens": 418, "cumulative_tokens": 22476}
{"task_id": "math_test_algebra_722", "stage": "base4096", "finish_reason": "stop", "complete": true, "tokens": 748, "cumulative_tokens": 23224}
{"task_id": "math_test_counting_probability_148", "stage": "base4096", "finish_reason": "stop", "complete": true, "tokens": 228, "cumulative_tokens": 23452}
{"task_id": "math_test_algebra_628", "stage": "base4096", "finish_reason": "stop", "complete": true, "tokens": 751, "cumulative_tokens": 24203}
{"task_id": "math_test_algebra_568", "stage": "base4096", "finish_reason": "stop", "complete": true, "tokens": 705, "cumulative_tokens": 24908}
{"task_id": "math_test_algebra_511", "stage": "base4096", "finish_reason": "stop", "complete": true, "tokens": 853, "cumulative_tokens": 25761}
{"task_id": "math_test_counting_probability_254", "stage": "base4096", "finish_reason": "stop", "complete": true, "tokens": 281, "cumulative_tokens": 26042}
{"task_id": "math_test_counting_probability_2", "stage": "base4096", "finish_reason": "stop", "complete": true, "tokens": 217, "cumulative_tokens": 26259}
{"task_id": "math_test_algebra_999", "stage": "base4096", "finish_reason": "stop", "complete": true, "tokens": 432, "cumulative_tokens": 26691}
{"task_id": "math_test_counting_probability_280", "stage": "base4096", "finish_reason": "stop", "complete": true, "tokens": 274, "cumulative_tokens": 26965}
{"task_id": "math_test_counting_probability_143", "stage": "base4096", "finish_reason": "stop", "complete": true, "tokens": 299, "cumulative_tokens": 27264}
{"task_id": "math_test_algebra_642", "stage": "base4096", "finish_reason": "stop", "complete": true, "tokens": 718, "cumulative_tokens": 27982}
{"task_id": "math_test_algebra_968", "stage": "base4096", "finish_reason": "stop", "complete": true, "tokens": 483, "cumulative_tokens": 28465}
{"task_id": "math_test_algebra_871", "stage": "base4096", "finish_reason": "stop", "complete": true, "tokens": 782, "cumulative_tokens": 29247}
{"task_id": "math_test_algebra_979", "stage": "base4096", "finish_reason": "stop", "complete": true, "tokens": 405, "cumulative_tokens": 29652}
{"task_id": "math_test_algebra_972", "stage": "base4096", "finish_reason": "stop", "complete": true, "tokens": 400, "cumulative_tokens": 30052}
{"task_id": "math_test_counting_probability_414", "stage": "base4096", "finish_reason": "stop", "complete": true, "tokens": 281, "cumulative_tokens": 30333}
{"task_id": "math_test_counting_probability_220", "stage": "base4096", "finish_reason": "stop", "complete": true, "tokens": 320, "cumulative_tokens": 30653}
{"task_id": "math_test_counting_probability_147", "stage": "base4096", "finish_reason": "stop", "complete": true, "tokens": 438, "cumulative_tokens": 31091}
{"task_id": "math_test_counting_probability_343", "stage": "base4096", "finish_reason": "stop", "complete": true, "tokens": 294, "cumulative_tokens": 31385}
{"task_id": "math_test_counting_probability_180", "stage": "base4096", "finish_reason": "stop", "complete": true, "tokens": 443, "cumulative_tokens": 31828}
{"task_id": "math_test_counting_probability_277", "stage": "base4096", "finish_reason": "stop", "complete": true, "tokens": 356, "cumulative_tokens": 32184}
{"task_id": "math_test_counting_probability_240", "stage": "base4096", "finish_reason": "stop", "complete": true, "tokens": 304, "cumulative_tokens": 32488}
{"task_id": "math_test_counting_probability_437", "stage": "base4096", "finish_reason": "stop", "complete": true, "tokens": 234, "cumulative_tokens": 32722}
{"task_id": "math_test_counting_probability_431", "stage": "base4096", "finish_reason": "stop", "complete": true, "tokens": 401, "cumulative_tokens": 33123}
{"task_id": "math_test_counting_probability_448", "stage": "base4096", "finish_reason": "stop", "complete": true, "tokens": 305, "cumulative_tokens": 33428}
{"task_id": "math_test_counting_probability_123", "stage": "base4096", "finish_reason": "stop", "complete": true, "tokens": 637, "cumulative_tokens": 34065}
{"task_id": "math_test_counting_probability_160", "stage": "base4096", "finish_reason": "stop", "complete": true, "tokens": 593, "cumulative_tokens": 34658}
{"task_id": "math_test_counting_probability_464", "stage": "base4096", "finish_reason": "stop", "complete": true, "tokens": 268, "cumulative_tokens": 34926}
{"task_id": "math_test_counting_probability_399", "stage": "base4096", "finish_reason": "stop", "complete": true, "tokens": 408, "cumulative_tokens": 35334}
{"task_id": "math_test_counting_probability_173", "stage": "base4096", "finish_reason": "stop", "complete": true, "tokens": 580, "cumulative_tokens": 35914}
{"task_id": "math_test_counting_probability_382", "stage": "base4096", "finish_reason": "stop", "complete": true, "tokens": 456, "cumulative_tokens": 36370}
{"task_id": "math_test_counting_probability_60", "stage": "base4096", "finish_reason": "stop", "complete": true, "tokens": 318, "cumulative_tokens": 36688}
{"task_id": "math_test_counting_probability_456", "stage": "base4096", "finish_reason": "stop", "complete": true, "tokens": 385, "cumulative_tokens": 37073}
{"task_id": "math_test_counting_probability_4", "stage": "base4096", "finish_reason": "stop", "complete": true, "tokens": 469, "cumulative_tokens": 37542}
{"task_id": "math_test_geometry_133", "stage": "base4096", "finish_reason": "stop", "complete": true, "tokens": 249, "cumulative_tokens": 37791}
{"task_id": "math_test_geometry_150", "stage": "base4096", "finish_reason": "stop", "complete": true, "tokens": 285, "cumulative_tokens": 38076}
{"task_id": "math_test_counting_probability_347", "stage": "base4096", "finish_reason": "stop", "complete": true, "tokens": 574, "cumulative_tokens": 38650}
{"task_id": "math_test_counting_probability_289", "stage": "base4096", "finish_reason": "stop", "complete": true, "tokens": 748, "cumulative_tokens": 39398}
{"task_id": "math_test_counting_probability_62", "stage": "base4096", "finish_reason": "stop", "complete": true, "tokens": 496, "cumulative_tokens": 39894}
{"task_id": "math_test_counting_probability_184", "stage": "base4096", "finish_reason": "stop", "complete": true, "tokens": 720, "cumulative_tokens": 40614}
{"task_id": "math_test_geometry_100", "stage": "base4096", "finish_reason": "stop", "complete": true, "tokens": 447, "cumulative_tokens": 41061}
{"task_id": "math_test_counting_probability_67", "stage": "base4096", "finish_reason": "stop", "complete": true, "tokens": 488, "cumulative_tokens": 41549}
{"task_id": "math_test_counting_probability_316", "stage": "base4096", "finish_reason": "stop", "complete": true, "tokens": 724, "cumulative_tokens": 42273}
{"task_id": "math_test_algebra_697", "stage": "base4096", "finish_reason": "stop", "complete": true, "tokens": 1042, "cumulative_tokens": 43315}
{"task_id": "math_test_counting_probability_447", "stage": "base4096", "finish_reason": "stop", "complete": true, "tokens": 534, "cumulative_tokens": 43849}
{"task_id": "math_test_counting_probability_421", "stage": "base4096", "finish_reason": "stop", "complete": true, "tokens": 765, "cumulative_tokens": 44614}
{"task_id": "math_test_counting_probability_408", "stage": "base4096", "finish_reason": "stop", "complete": true, "tokens": 640, "cumulative_tokens": 45254}
{"task_id": "math_test_geometry_178", "stage": "base4096", "finish_reason": "stop", "complete": true, "tokens": 516, "cumulative_tokens": 45770}
{"task_id": "math_test_geometry_254", "stage": "base4096", "finish_reason": "stop", "complete": true, "tokens": 360, "cumulative_tokens": 46130}
{"task_id": "math_test_counting_probability_77", "stage": "base4096", "finish_reason": "stop", "complete": true, "tokens": 554, "cumulative_tokens": 46684}
{"task_id": "math_test_geometry_234", "stage": "base4096", "finish_reason": "stop", "complete": true, "tokens": 349, "cumulative_tokens": 47033}
{"task_id": "math_test_geometry_228", "stage": "base4096", "finish_reason": "stop", "complete": true, "tokens": 332, "cumulative_tokens": 47365}
{"task_id": "math_test_algebra_542", "stage": "base4096", "finish_reason": "stop", "complete": true, "tokens": 1221, "cumulative_tokens": 48586}
{"task_id": "math_test_counting_probability_260", "stage": "base4096", "finish_reason": "stop", "complete": true, "tokens": 839, "cumulative_tokens": 49425}
{"task_id": "math_test_counting_probability_398", "stage": "base4096", "finish_reason": "stop", "complete": true, "tokens": 884, "cumulative_tokens": 50309}
{"task_id": "math_test_counting_probability_200", "stage": "base4096", "finish_reason": "stop", "complete": true, "tokens": 1033, "cumulative_tokens": 51342}
{"task_id": "math_test_geometry_347", "stage": "base4096", "finish_reason": "stop", "complete": true, "tokens": 181, "cumulative_tokens": 51523}
{"task_id": "math_test_algebra_1177", "stage": "base4096", "finish_reason": "stop", "complete": true, "tokens": 1623, "cumulative_tokens": 53146}
{"task_id": "math_test_algebra_851", "stage": "base4096", "finish_reason": "stop", "complete": true, "tokens": 1303, "cumulative_tokens": 54449}
{"task_id": "math_test_geometry_198", "stage": "base4096", "finish_reason": "stop", "complete": true, "tokens": 654, "cumulative_tokens": 55103}
{"task_id": "math_test_counting_probability_129", "stage": "base4096", "finish_reason": "stop", "complete": true, "tokens": 1002, "cumulative_tokens": 56105}
{"task_id": "math_test_counting_probability_73", "stage": "base4096", "finish_reason": "stop", "complete": true, "tokens": 803, "cumulative_tokens": 56908}
{"task_id": "math_test_algebra_1091", "stage": "base4096", "finish_reason": "stop", "complete": true, "tokens": 1867, "cumulative_tokens": 58775}
{"task_id": "math_test_counting_probability_225", "stage": "base4096", "finish_reason": "stop", "complete": true, "tokens": 1015, "cumulative_tokens": 59790}
{"task_id": "math_test_geometry_459", "stage": "base4096", "finish_reason": "stop", "complete": true, "tokens": 212, "cumulative_tokens": 60002}
{"task_id": "math_test_geometry_437", "stage": "base4096", "finish_reason": "stop", "complete": true, "tokens": 343, "cumulative_tokens": 60345}
{"task_id": "math_test_geometry_39", "stage": "base4096", "finish_reason": "stop", "complete": true, "tokens": 474, "cumulative_tokens": 60819}
{"task_id": "math_test_geometry_119", "stage": "base4096", "finish_reason": "stop", "complete": true, "tokens": 1049, "cumulative_tokens": 61868}
{"task_id": "math_test_geometry_332", "stage": "base4096", "finish_reason": "stop", "complete": true, "tokens": 531, "cumulative_tokens": 62399}
{"task_id": "math_test_geometry_62", "stage": "base4096", "finish_reason": "stop", "complete": true, "tokens": 339, "cumulative_tokens": 62738}
{"task_id": "math_test_counting_probability_61", "stage": "base4096", "finish_reason": "stop", "complete": true, "tokens": 1042, "cumulative_tokens": 63780}
{"task_id": "math_test_geometry_99", "stage": "base4096", "finish_reason": "stop", "complete": true, "tokens": 244, "cumulative_tokens": 64024}
{"task_id": "math_test_geometry_436", "stage": "base4096", "finish_reason": "stop", "complete": true, "tokens": 569, "cumulative_tokens": 64593}
{"task_id": "math_test_counting_probability_83", "stage": "base4096", "finish_reason": "stop", "complete": true, "tokens": 950, "cumulative_tokens": 65543}
{"task_id": "math_test_geometry_231", "stage": "base4096", "finish_reason": "stop", "complete": true, "tokens": 924, "cumulative_tokens": 66467}
{"task_id": "math_test_geometry_447", "stage": "base4096", "finish_reason": "stop", "complete": true, "tokens": 524, "cumulative_tokens": 66991}
{"task_id": "math_test_geometry_90", "stage": "base4096", "finish_reason": "stop", "complete": true, "tokens": 313, "cumulative_tokens": 67304}
{"task_id": "math_test_geometry_403", "stage": "base4096", "finish_reason": "stop", "complete": true, "tokens": 659, "cumulative_tokens": 67963}
{"task_id": "math_test_geometry_352", "stage": "base4096", "finish_reason": "stop", "complete": true, "tokens": 774, "cumulative_tokens": 68737}
{"task_id": "math_test_geometry_166", "stage": "base4096", "finish_reason": "stop", "complete": true, "tokens": 1009, "cumulative_tokens": 69746}
{"task_id": "math_test_geometry_312", "stage": "base4096", "finish_reason": "stop", "complete": true, "tokens": 983, "cumulative_tokens": 70729}
{"task_id": "math_test_geometry_170", "stage": "base4096", "finish_reason": "stop", "complete": true, "tokens": 1194, "cumulative_tokens": 71923}
{"task_id": "math_test_counting_probability_426", "stage": "base4096", "finish_reason": "stop", "complete": true, "tokens": 1436, "cumulative_tokens": 73359}
{"task_id": "math_test_geometry_186", "stage": "base4096", "finish_reason": "stop", "complete": true, "tokens": 1435, "cumulative_tokens": 74794}
{"task_id": "math_test_intermediate_algebra_197", "stage": "base4096", "finish_reason": "stop", "complete": true, "tokens": 436, "cumulative_tokens": 75230}
{"task_id": "math_test_algebra_620", "stage": "base4096", "finish_reason": "stop", "complete": true, "tokens": 2185, "cumulative_tokens": 77415}
{"task_id": "math_test_geometry_191", "stage": "base4096", "finish_reason": "stop", "complete": true, "tokens": 1184, "cumulative_tokens": 78599}
{"task_id": "math_test_geometry_3", "stage": "base4096", "finish_reason": "stop", "complete": true, "tokens": 1373, "cumulative_tokens": 79972}
{"task_id": "math_test_intermediate_algebra_163", "stage": "base4096", "finish_reason": "stop", "complete": true, "tokens": 597, "cumulative_tokens": 80569}
{"task_id": "math_test_intermediate_algebra_187", "stage": "base4096", "finish_reason": "stop", "complete": true, "tokens": 601, "cumulative_tokens": 81170}
{"task_id": "math_test_geometry_328", "stage": "base4096", "finish_reason": "stop", "complete": true, "tokens": 1240, "cumulative_tokens": 82410}
{"task_id": "math_test_intermediate_algebra_243", "stage": "base4096", "finish_reason": "stop", "complete": true, "tokens": 410, "cumulative_tokens": 82820}
{"task_id": "math_test_intermediate_algebra_139", "stage": "base4096", "finish_reason": "stop", "complete": true, "tokens": 821, "cumulative_tokens": 83641}
{"task_id": "math_test_counting_probability_65", "stage": "base4096", "finish_reason": "stop", "complete": true, "tokens": 2051, "cumulative_tokens": 85692}
{"task_id": "math_test_intermediate_algebra_301", "stage": "base4096", "finish_reason": "stop", "complete": true, "tokens": 355, "cumulative_tokens": 86047}
{"task_id": "math_test_intermediate_algebra_263", "stage": "base4096", "finish_reason": "stop", "complete": true, "tokens": 661, "cumulative_tokens": 86708}
{"task_id": "math_test_intermediate_algebra_289", "stage": "base4096", "finish_reason": "stop", "complete": true, "tokens": 566, "cumulative_tokens": 87274}
{"task_id": "math_test_geometry_454", "stage": "base4096", "finish_reason": "stop", "complete": true, "tokens": 1843, "cumulative_tokens": 89117}
{"task_id": "math_test_counting_probability_169", "stage": "base4096", "finish_reason": "stop", "complete": true, "tokens": 2408, "cumulative_tokens": 91525}
{"task_id": "math_test_intermediate_algebra_213", "stage": "base4096", "finish_reason": "stop", "complete": true, "tokens": 1097, "cumulative_tokens": 92622}
{"task_id": "math_test_intermediate_algebra_161", "stage": "base4096", "finish_reason": "stop", "complete": true, "tokens": 1006, "cumulative_tokens": 93628}
{"task_id": "math_test_intermediate_algebra_155", "stage": "base4096", "finish_reason": "stop", "complete": true, "tokens": 1341, "cumulative_tokens": 94969}
{"task_id": "math_test_intermediate_algebra_147", "stage": "base4096", "finish_reason": "stop", "complete": true, "tokens": 1280, "cumulative_tokens": 96249}
{"task_id": "math_test_intermediate_algebra_115", "stage": "base4096", "finish_reason": "stop", "complete": true, "tokens": 1601, "cumulative_tokens": 97850}
{"task_id": "math_test_geometry_173", "stage": "base4096", "finish_reason": "stop", "complete": true, "tokens": 2192, "cumulative_tokens": 100042}
{"task_id": "math_test_geometry_357", "stage": "base4096", "finish_reason": "stop", "complete": true, "tokens": 1581, "cumulative_tokens": 101623}
{"task_id": "math_test_intermediate_algebra_184", "stage": "base4096", "finish_reason": "stop", "complete": true, "tokens": 1333, "cumulative_tokens": 102956}
{"task_id": "math_test_geometry_259", "stage": "base4096", "finish_reason": "stop", "complete": true, "tokens": 1757, "cumulative_tokens": 104713}
{"task_id": "math_test_geometry_208", "stage": "base4096", "finish_reason": "stop", "complete": true, "tokens": 2226, "cumulative_tokens": 106939}
{"task_id": "math_test_intermediate_algebra_380", "stage": "base4096", "finish_reason": "stop", "complete": true, "tokens": 761, "cumulative_tokens": 107700}
{"task_id": "math_test_intermediate_algebra_3", "stage": "base4096", "finish_reason": "stop", "complete": true, "tokens": 828, "cumulative_tokens": 108528}
{"task_id": "math_test_intermediate_algebra_276", "stage": "base4096", "finish_reason": "stop", "complete": true, "tokens": 1050, "cumulative_tokens": 109578}
{"task_id": "math_test_intermediate_algebra_409", "stage": "base4096", "finish_reason": "stop", "complete": true, "tokens": 572, "cumulative_tokens": 110150}
{"task_id": "math_test_intermediate_algebra_416", "stage": "base4096", "finish_reason": "stop", "complete": true, "tokens": 569, "cumulative_tokens": 110719}
{"task_id": "math_test_intermediate_algebra_29", "stage": "base4096", "finish_reason": "stop", "complete": true, "tokens": 1451, "cumulative_tokens": 112170}
{"task_id": "math_test_geometry_26", "stage": "base4096", "finish_reason": "stop", "complete": true, "tokens": 2609, "cumulative_tokens": 114779}
{"task_id": "math_test_counting_probability_233", "stage": "base4096", "finish_reason": "stop", "complete": true, "tokens": 2216, "cumulative_tokens": 116995}
{"task_id": "math_test_intermediate_algebra_4", "stage": "base4096", "finish_reason": "stop", "complete": true, "tokens": 941, "cumulative_tokens": 117936}
{"task_id": "math_test_intermediate_algebra_353", "stage": "base4096", "finish_reason": "stop", "complete": true, "tokens": 1269, "cumulative_tokens": 119205}
{"task_id": "math_test_intermediate_algebra_377", "stage": "base4096", "finish_reason": "stop", "complete": true, "tokens": 988, "cumulative_tokens": 120193}
{"task_id": "math_test_intermediate_algebra_462", "stage": "base4096", "finish_reason": "stop", "complete": true, "tokens": 597, "cumulative_tokens": 120790}
{"task_id": "math_test_intermediate_algebra_435", "stage": "base4096", "finish_reason": "stop", "complete": true, "tokens": 769, "cumulative_tokens": 121559}
{"task_id": "math_test_counting_probability_172", "stage": "base4096", "finish_reason": "stop", "complete": true, "tokens": 2455, "cumulative_tokens": 124014}
{"task_id": "math_test_intermediate_algebra_277", "stage": "base4096", "finish_reason": "stop", "complete": true, "tokens": 1473, "cumulative_tokens": 125487}
{"task_id": "math_test_intermediate_algebra_423", "stage": "base4096", "finish_reason": "stop", "complete": true, "tokens": 824, "cumulative_tokens": 126311}
{"task_id": "math_test_intermediate_algebra_565", "stage": "base4096", "finish_reason": "stop", "complete": true, "tokens": 233, "cumulative_tokens": 126544}
{"task_id": "math_test_intermediate_algebra_515", "stage": "base4096", "finish_reason": "stop", "complete": true, "tokens": 506, "cumulative_tokens": 127050}
{"task_id": "math_test_geometry_103", "stage": "base4096", "finish_reason": "stop", "complete": true, "tokens": 3000, "cumulative_tokens": 130050}
{"task_id": "math_test_intermediate_algebra_424", "stage": "base4096", "finish_reason": "stop", "complete": true, "tokens": 973, "cumulative_tokens": 131023}
{"task_id": "math_test_intermediate_algebra_479", "stage": "base4096", "finish_reason": "stop", "complete": true, "tokens": 854, "cumulative_tokens": 131877}
{"task_id": "math_test_intermediate_algebra_586", "stage": "base4096", "finish_reason": "stop", "complete": true, "tokens": 308, "cumulative_tokens": 132185}
{"task_id": "math_test_intermediate_algebra_542", "stage": "base4096", "finish_reason": "stop", "complete": true, "tokens": 578, "cumulative_tokens": 132763}
{"task_id": "math_test_intermediate_algebra_438", "stage": "base4096", "finish_reason": "stop", "complete": true, "tokens": 933, "cumulative_tokens": 133696}
{"task_id": "math_test_geometry_451", "stage": "base4096", "finish_reason": "stop", "complete": true, "tokens": 2192, "cumulative_tokens": 135888}
{"task_id": "math_test_intermediate_algebra_430", "stage": "base4096", "finish_reason": "stop", "complete": true, "tokens": 1110, "cumulative_tokens": 136998}
{"task_id": "math_test_counting_probability_271", "stage": "base4096", "finish_reason": "stop", "complete": true, "tokens": 3177, "cumulative_tokens": 140175}
{"task_id": "math_test_geometry_64", "stage": "base4096", "finish_reason": "stop", "complete": true, "tokens": 2684, "cumulative_tokens": 142859}
{"task_id": "math_test_intermediate_algebra_653", "stage": "base4096", "finish_reason": "stop", "complete": true, "tokens": 436, "cumulative_tokens": 143295}
{"task_id": "math_test_intermediate_algebra_516", "stage": "base4096", "finish_reason": "stop", "complete": true, "tokens": 768, "cumulative_tokens": 144063}
{"task_id": "math_test_intermediate_algebra_478", "stage": "base4096", "finish_reason": "stop", "complete": true, "tokens": 1078, "cumulative_tokens": 145141}
{"task_id": "math_test_intermediate_algebra_108", "stage": "base4096", "finish_reason": "stop", "complete": true, "tokens": 2471, "cumulative_tokens": 147612}
{"task_id": "math_test_intermediate_algebra_689", "stage": "base4096", "finish_reason": "stop", "complete": true, "tokens": 244, "cumulative_tokens": 147856}
{"task_id": "math_test_intermediate_algebra_553", "stage": "base4096", "finish_reason": "stop", "complete": true, "tokens": 921, "cumulative_tokens": 148777}
{"task_id": "math_test_intermediate_algebra_605", "stage": "base4096", "finish_reason": "stop", "complete": true, "tokens": 657, "cumulative_tokens": 149434}
{"task_id": "math_test_intermediate_algebra_220", "stage": "base4096", "finish_reason": "stop", "complete": true, "tokens": 2575, "cumulative_tokens": 152009}
{"task_id": "math_test_algebra_789", "stage": "base4096", "finish_reason": "length", "complete": false, "tokens": 4676, "cumulative_tokens": 156685}
{"task_id": "math_test_geometry_196", "stage": "base4096", "finish_reason": "stop", "complete": true, "tokens": 3086, "cumulative_tokens": 159771}
{"task_id": "math_test_intermediate_algebra_306", "stage": "base4096", "finish_reason": "stop", "complete": true, "tokens": 2172, "cumulative_tokens": 161943}
{"task_id": "math_test_geometry_164", "stage": "base4096", "finish_reason": "stop", "complete": true, "tokens": 3220, "cumulative_tokens": 165163}
{"task_id": "math_test_algebra_751", "stage": "base4096", "finish_reason": "length", "complete": false, "tokens": 4277, "cumulative_tokens": 169440}
{"task_id": "math_test_intermediate_algebra_695", "stage": "base4096", "finish_reason": "stop", "complete": true, "tokens": 634, "cumulative_tokens": 170074}
{"task_id": "math_test_intermediate_algebra_734", "stage": "base4096", "finish_reason": "stop", "complete": true, "tokens": 557, "cumulative_tokens": 170631}
{"task_id": "math_test_intermediate_algebra_813", "stage": "base4096", "finish_reason": "stop", "complete": true, "tokens": 255, "cumulative_tokens": 170886}
{"task_id": "math_test_intermediate_algebra_801", "stage": "base4096", "finish_reason": "stop", "complete": true, "tokens": 358, "cumulative_tokens": 171244}
{"task_id": "math_test_intermediate_algebra_563", "stage": "base4096", "finish_reason": "stop", "complete": true, "tokens": 1229, "cumulative_tokens": 172473}
{"task_id": "math_test_geometry_136", "stage": "base4096", "finish_reason": "stop", "complete": true, "tokens": 2720, "cumulative_tokens": 175193}
{"task_id": "math_test_intermediate_algebra_570", "stage": "base4096", "finish_reason": "stop", "complete": true, "tokens": 1276, "cumulative_tokens": 176469}
{"task_id": "math_test_intermediate_algebra_724", "stage": "base4096", "finish_reason": "stop", "complete": true, "tokens": 610, "cumulative_tokens": 177079}
{"task_id": "math_test_intermediate_algebra_266", "stage": "base4096", "finish_reason": "stop", "complete": true, "tokens": 2228, "cumulative_tokens": 179307}
{"task_id": "math_test_intermediate_algebra_767", "stage": "base4096", "finish_reason": "stop", "complete": true, "tokens": 707, "cumulative_tokens": 180014}
{"task_id": "math_test_geometry_212", "stage": "base4096", "finish_reason": "stop", "complete": true, "tokens": 3263, "cumulative_tokens": 183277}
{"task_id": "math_test_intermediate_algebra_853", "stage": "base4096", "finish_reason": "stop", "complete": true, "tokens": 276, "cumulative_tokens": 183553}
{"task_id": "math_test_geometry_373", "stage": "base4096", "finish_reason": "stop", "complete": true, "tokens": 3072, "cumulative_tokens": 186625}
{"task_id": "math_test_algebra_1161", "stage": "base4096", "finish_reason": "length", "complete": false, "tokens": 4524, "cumulative_tokens": 191149}
{"task_id": "math_test_counting_probability_124", "stage": "base4096", "finish_reason": "stop", "complete": true, "tokens": 3136, "cumulative_tokens": 194285}
{"task_id": "math_test_intermediate_algebra_839", "stage": "base4096", "finish_reason": "stop", "complete": true, "tokens": 326, "cumulative_tokens": 194611}
{"task_id": "math_test_intermediate_algebra_746", "stage": "base4096", "finish_reason": "stop", "complete": true, "tokens": 909, "cumulative_tokens": 195520}
{"task_id": "math_test_intermediate_algebra_80", "stage": "base4096", "finish_reason": "stop", "complete": true, "tokens": 753, "cumulative_tokens": 196273}
{"task_id": "math_test_intermediate_algebra_835", "stage": "base4096", "finish_reason": "stop", "complete": true, "tokens": 546, "cumulative_tokens": 196819}
{"task_id": "math_test_intermediate_algebra_448", "stage": "base4096", "finish_reason": "stop", "complete": true, "tokens": 1724, "cumulative_tokens": 198543}
{"task_id": "math_test_intermediate_algebra_66", "stage": "base4096", "finish_reason": "stop", "complete": true, "tokens": 1332, "cumulative_tokens": 199875}
{"task_id": "math_test_geometry_472", "stage": "base4096", "finish_reason": "stop", "complete": true, "tokens": 3168, "cumulative_tokens": 203043}
{"task_id": "math_test_intermediate_algebra_876", "stage": "base4096", "finish_reason": "stop", "complete": true, "tokens": 497, "cumulative_tokens": 203540}
{"task_id": "math_test_intermediate_algebra_573", "stage": "base4096", "finish_reason": "stop", "complete": true, "tokens": 1735, "cumulative_tokens": 205275}
{"task_id": "math_test_geometry_130", "stage": "base4096", "finish_reason": "stop", "complete": true, "tokens": 4181, "cumulative_tokens": 209456}
{"task_id": "math_test_intermediate_algebra_116", "stage": "base4096", "finish_reason": "stop", "complete": true, "tokens": 3247, "cumulative_tokens": 212703}
{"task_id": "math_test_intermediate_algebra_858", "stage": "base4096", "finish_reason": "stop", "complete": true, "tokens": 651, "cumulative_tokens": 213354}
{"task_id": "math_test_intermediate_algebra_821", "stage": "base4096", "finish_reason": "stop", "complete": true, "tokens": 797, "cumulative_tokens": 214151}
{"task_id": "math_test_intermediate_algebra_818", "stage": "base4096", "finish_reason": "stop", "complete": true, "tokens": 901, "cumulative_tokens": 215052}
{"task_id": "math_test_geometry_222", "stage": "base4096", "finish_reason": "stop", "complete": true, "tokens": 4388, "cumulative_tokens": 219440}
{"task_id": "math_test_number_theory_100", "stage": "base4096", "finish_reason": "stop", "complete": true, "tokens": 356, "cumulative_tokens": 219796}
{"task_id": "math_test_intermediate_algebra_693", "stage": "base4096", "finish_reason": "stop", "complete": true, "tokens": 1457, "cumulative_tokens": 221253}
{"task_id": "math_test_number_theory_0", "stage": "base4096", "finish_reason": "stop", "complete": true, "tokens": 392, "cumulative_tokens": 221645}
{"task_id": "math_test_intermediate_algebra_718", "stage": "base4096", "finish_reason": "stop", "complete": true, "tokens": 1138, "cumulative_tokens": 222783}
{"task_id": "math_test_intermediate_algebra_834", "stage": "base4096", "finish_reason": "stop", "complete": true, "tokens": 732, "cumulative_tokens": 223515}
{"task_id": "math_test_intermediate_algebra_90", "stage": "base4096", "finish_reason": "stop", "complete": true, "tokens": 554, "cumulative_tokens": 224069}
{"task_id": "math_test_geometry_20", "stage": "base4096", "finish_reason": "length", "complete": false, "tokens": 4565, "cumulative_tokens": 228634}
{"task_id": "math_test_intermediate_algebra_899", "stage": "base4096", "finish_reason": "stop", "complete": true, "tokens": 724, "cumulative_tokens": 229358}
{"task_id": "math_test_number_theory_16", "stage": "base4096", "finish_reason": "stop", "complete": true, "tokens": 462, "cumulative_tokens": 229820}
{"task_id": "math_test_intermediate_algebra_615", "stage": "base4096", "finish_reason": "stop", "complete": true, "tokens": 1900, "cumulative_tokens": 231720}
{"task_id": "math_test_intermediate_algebra_414", "stage": "base4096", "finish_reason": "stop", "complete": true, "tokens": 2447, "cumulative_tokens": 234167}
{"task_id": "math_test_counting_probability_192", "stage": "base4096", "finish_reason": "stop", "complete": true, "tokens": 3686, "cumulative_tokens": 237853}
{"task_id": "math_test_intermediate_algebra_43", "stage": "base4096", "finish_reason": "stop", "complete": true, "tokens": 2773, "cumulative_tokens": 240626}
{"task_id": "math_test_counting_probability_42", "stage": "base4096", "finish_reason": "length", "complete": false, "tokens": 4498, "cumulative_tokens": 245124}
{"task_id": "math_test_number_theory_220", "stage": "base4096", "finish_reason": "stop", "complete": true, "tokens": 251, "cumulative_tokens": 245375}
{"task_id": "math_test_number_theory_158", "stage": "base4096", "finish_reason": "stop", "complete": true, "tokens": 522, "cumulative_tokens": 245897}
{"task_id": "math_test_intermediate_algebra_733", "stage": "base4096", "finish_reason": "stop", "complete": true, "tokens": 1514, "cumulative_tokens": 247411}
{"task_id": "math_test_number_theory_155", "stage": "base4096", "finish_reason": "stop", "complete": true, "tokens": 570, "cumulative_tokens": 247981}
{"task_id": "math_test_number_theory_295", "stage": "base4096", "finish_reason": "stop", "complete": true, "tokens": 246, "cumulative_tokens": 248227}
{"task_id": "math_test_number_theory_207", "stage": "base4096", "finish_reason": "stop", "complete": true, "tokens": 513, "cumulative_tokens": 248740}
{"task_id": "math_test_intermediate_algebra_814", "stage": "base4096", "finish_reason": "stop", "complete": true, "tokens": 1478, "cumulative_tokens": 250218}
{"task_id": "math_test_intermediate_algebra_97", "stage": "base4096", "finish_reason": "stop", "complete": true, "tokens": 961, "cumulative_tokens": 251179}
{"task_id": "math_test_intermediate_algebra_895", "stage": "base4096", "finish_reason": "stop", "complete": true, "tokens": 893, "cumulative_tokens": 252072}
{"task_id": "math_test_number_theory_218", "stage": "base4096", "finish_reason": "stop", "complete": true, "tokens": 375, "cumulative_tokens": 252447}
{"task_id": "math_test_geometry_200", "stage": "base4096", "finish_reason": "length", "complete": false, "tokens": 4324, "cumulative_tokens": 256771}
{"task_id": "math_test_number_theory_124", "stage": "base4096", "finish_reason": "stop", "complete": true, "tokens": 648, "cumulative_tokens": 257419}
{"task_id": "math_test_number_theory_299", "stage": "base4096", "finish_reason": "stop", "complete": true, "tokens": 273, "cumulative_tokens": 257692}
{"task_id": "math_test_number_theory_233", "stage": "base4096", "finish_reason": "stop", "complete": true, "tokens": 433, "cumulative_tokens": 258125}
{"task_id": "math_test_number_theory_190", "stage": "base4096", "finish_reason": "stop", "complete": true, "tokens": 569, "cumulative_tokens": 258694}
{"task_id": "math_test_number_theory_130", "stage": "base4096", "finish_reason": "stop", "complete": true, "tokens": 944, "cumulative_tokens": 259638}
{"task_id": "math_test_number_theory_228", "stage": "base4096", "finish_reason": "stop", "complete": true, "tokens": 602, "cumulative_tokens": 260240}
{"task_id": "math_test_number_theory_334", "stage": "base4096", "finish_reason": "stop", "complete": true, "tokens": 301, "cumulative_tokens": 260541}
{"task_id": "math_test_intermediate_algebra_627", "stage": "base4096", "finish_reason": "stop", "complete": true, "tokens": 2468, "cumulative_tokens": 263009}
{"task_id": "math_test_number_theory_297", "stage": "base4096", "finish_reason": "stop", "complete": true, "tokens": 347, "cumulative_tokens": 263356}
{"task_id": "math_test_intermediate_algebra_212", "stage": "base4096", "finish_reason": "stop", "complete": true, "tokens": 3783, "cumulative_tokens": 267139}
{"task_id": "math_test_intermediate_algebra_103", "stage": "base4096", "finish_reason": "length", "complete": false, "tokens": 4222, "cumulative_tokens": 271361}
{"task_id": "math_test_intermediate_algebra_780", "stage": "base4096", "finish_reason": "stop", "complete": true, "tokens": 2131, "cumulative_tokens": 273492}
{"task_id": "math_test_intermediate_algebra_859", "stage": "base4096", "finish_reason": "stop", "complete": true, "tokens": 1269, "cumulative_tokens": 274761}
{"task_id": "math_test_number_theory_282", "stage": "base4096", "finish_reason": "stop", "complete": true, "tokens": 694, "cumulative_tokens": 275455}
{"task_id": "math_test_number_theory_337", "stage": "base4096", "finish_reason": "stop", "complete": true, "tokens": 465, "cumulative_tokens": 275920}
{"task_id": "math_test_number_theory_38", "stage": "base4096", "finish_reason": "stop", "complete": true, "tokens": 407, "cumulative_tokens": 276327}
{"task_id": "math_test_intermediate_algebra_241", "stage": "base4096", "finish_reason": "length", "complete": false, "tokens": 4303, "cumulative_tokens": 280630}
{"task_id": "math_test_number_theory_321", "stage": "base4096", "finish_reason": "stop", "complete": true, "tokens": 498, "cumulative_tokens": 281128}
{"task_id": "math_test_number_theory_243", "stage": "base4096", "finish_reason": "stop", "complete": true, "tokens": 756, "cumulative_tokens": 281884}
{"task_id": "math_test_intermediate_algebra_122", "stage": "base4096", "finish_reason": "length", "complete": false, "tokens": 4326, "cumulative_tokens": 286210}
{"task_id": "math_test_number_theory_257", "stage": "base4096", "finish_reason": "stop", "complete": true, "tokens": 883, "cumulative_tokens": 287093}
{"task_id": "math_test_intermediate_algebra_482", "stage": "base4096", "finish_reason": "stop", "complete": true, "tokens": 2992, "cumulative_tokens": 290085}
{"task_id": "math_test_number_theory_383", "stage": "base4096", "finish_reason": "stop", "complete": true, "tokens": 567, "cumulative_tokens": 290652}
{"task_id": "math_test_intermediate_algebra_756", "stage": "base4096", "finish_reason": "stop", "complete": true, "tokens": 2421, "cumulative_tokens": 293073}
{"task_id": "math_test_number_theory_342", "stage": "base4096", "finish_reason": "stop", "complete": true, "tokens": 644, "cumulative_tokens": 293717}
{"task_id": "math_test_number_theory_390", "stage": "base4096", "finish_reason": "stop", "complete": true, "tokens": 460, "cumulative_tokens": 294177}
{"task_id": "math_test_number_theory_415", "stage": "base4096", "finish_reason": "stop", "complete": true, "tokens": 490, "cumulative_tokens": 294667}
{"task_id": "math_test_number_theory_373", "stage": "base4096", "finish_reason": "stop", "complete": true, "tokens": 567, "cumulative_tokens": 295234}
{"task_id": "math_test_number_theory_471", "stage": "base4096", "finish_reason": "stop", "complete": true, "tokens": 357, "cumulative_tokens": 295591}
{"task_id": "math_test_number_theory_434", "stage": "base4096", "finish_reason": "stop", "complete": true, "tokens": 555, "cumulative_tokens": 296146}
{"task_id": "math_test_number_theory_296", "stage": "base4096", "finish_reason": "stop", "complete": true, "tokens": 818, "cumulative_tokens": 296964}
{"task_id": "math_test_number_theory_33", "stage": "base4096", "finish_reason": "stop", "complete": true, "tokens": 681, "cumulative_tokens": 297645}
{"task_id": "math_test_prealgebra_126", "stage": "base4096", "finish_reason": "stop", "complete": true, "tokens": 199, "cumulative_tokens": 297844}
{"task_id": "math_test_geometry_345", "stage": "base4096", "finish_reason": "length", "complete": false, "tokens": 4201, "cumulative_tokens": 302045}
{"task_id": "math_test_number_theory_188", "stage": "base4096", "finish_reason": "stop", "complete": true, "tokens": 1312, "cumulative_tokens": 303357}
{"task_id": "math_test_geometry_85", "stage": "base4096", "finish_reason": "length", "complete": false, "tokens": 4409, "cumulative_tokens": 307766}
{"task_id": "math_test_intermediate_algebra_892", "stage": "base4096", "finish_reason": "stop", "complete": true, "tokens": 1683, "cumulative_tokens": 309449}
{"task_id": "math_test_number_theory_284", "stage": "base4096", "finish_reason": "stop", "complete": true, "tokens": 1091, "cumulative_tokens": 310540}
{"task_id": "math_test_number_theory_503", "stage": "base4096", "finish_reason": "stop", "complete": true, "tokens": 630, "cumulative_tokens": 311170}
{"task_id": "math_test_intermediate_algebra_9", "stage": "base4096", "finish_reason": "stop", "complete": true, "tokens": 1814, "cumulative_tokens": 312984}
{"task_id": "math_test_number_theory_89", "stage": "base4096", "finish_reason": "stop", "complete": true, "tokens": 362, "cumulative_tokens": 313346}
{"task_id": "math_test_number_theory_436", "stage": "base4096", "finish_reason": "stop", "complete": true, "tokens": 633, "cumulative_tokens": 313979}
{"task_id": "math_test_prealgebra_146", "stage": "base4096", "finish_reason": "stop", "complete": true, "tokens": 345, "cumulative_tokens": 314324}
{"task_id": "math_test_number_theory_47", "stage": "base4096", "finish_reason": "stop", "complete": true, "tokens": 592, "cumulative_tokens": 314916}
{"task_id": "math_test_prealgebra_128", "stage": "base4096", "finish_reason": "stop", "complete": true, "tokens": 344, "cumulative_tokens": 315260}
{"task_id": "math_test_number_theory_376", "stage": "base4096", "finish_reason": "stop", "complete": true, "tokens": 850, "cumulative_tokens": 316110}
{"task_id": "math_test_prealgebra_189", "stage": "base4096", "finish_reason": "stop", "complete": true, "tokens": 295, "cumulative_tokens": 316405}
{"task_id": "math_test_prealgebra_16", "stage": "base4096", "finish_reason": "stop", "complete": true, "tokens": 303, "cumulative_tokens": 316708}
{"task_id": "math_test_prealgebra_155", "stage": "base4096", "finish_reason": "stop", "complete": true, "tokens": 261, "cumulative_tokens": 316969}
{"task_id": "math_test_number_theory_177", "stage": "base4096", "finish_reason": "stop", "complete": true, "tokens": 1208, "cumulative_tokens": 318177}
{"task_id": "math_test_geometry_238", "stage": "base4096", "finish_reason": "length", "complete": false, "tokens": 4384, "cumulative_tokens": 322561}
{"task_id": "math_test_number_theory_454", "stage": "base4096", "finish_reason": "stop", "complete": true, "tokens": 749, "cumulative_tokens": 323310}
{"task_id": "math_test_number_theory_375", "stage": "base4096", "finish_reason": "stop", "complete": true, "tokens": 922, "cumulative_tokens": 324232}
{"task_id": "math_test_number_theory_62", "stage": "base4096", "finish_reason": "stop", "complete": true, "tokens": 383, "cumulative_tokens": 324615}
{"task_id": "math_test_prealgebra_194", "stage": "base4096", "finish_reason": "stop", "complete": true, "tokens": 267, "cumulative_tokens": 324882}
{"task_id": "math_test_prealgebra_226", "stage": "base4096", "finish_reason": "stop", "complete": true, "tokens": 204, "cumulative_tokens": 325086}
{"task_id": "math_test_geometry_410", "stage": "base4096", "finish_reason": "length", "complete": false, "tokens": 4299, "cumulative_tokens": 329385}
{"task_id": "math_test_prealgebra_174", "stage": "base4096", "finish_reason": "stop", "complete": true, "tokens": 391, "cumulative_tokens": 329776}
{"task_id": "math_test_number_theory_90", "stage": "base4096", "finish_reason": "stop", "complete": true, "tokens": 442, "cumulative_tokens": 330218}
{"task_id": "math_test_number_theory_481", "stage": "base4096", "finish_reason": "stop", "complete": true, "tokens": 819, "cumulative_tokens": 331037}
{"task_id": "math_test_prealgebra_148", "stage": "base4096", "finish_reason": "stop", "complete": true, "tokens": 420, "cumulative_tokens": 331457}
{"task_id": "math_test_prealgebra_319", "stage": "base4096", "finish_reason": "stop", "complete": true, "tokens": 236, "cumulative_tokens": 331693}
{"task_id": "math_test_number_theory_421", "stage": "base4096", "finish_reason": "stop", "complete": true, "tokens": 921, "cumulative_tokens": 332614}
{"task_id": "math_test_number_theory_170", "stage": "base4096", "finish_reason": "stop", "complete": true, "tokens": 1500, "cumulative_tokens": 334114}
{"task_id": "math_test_prealgebra_355", "stage": "base4096", "finish_reason": "stop", "complete": true, "tokens": 201, "cumulative_tokens": 334315}
{"task_id": "math_test_prealgebra_335", "stage": "base4096", "finish_reason": "stop", "complete": true, "tokens": 218, "cumulative_tokens": 334533}
{"task_id": "math_test_prealgebra_301", "stage": "base4096", "finish_reason": "stop", "complete": true, "tokens": 247, "cumulative_tokens": 334780}
{"task_id": "math_test_intermediate_algebra_31", "stage": "base4096", "finish_reason": "length", "complete": false, "tokens": 4241, "cumulative_tokens": 339021}
{"task_id": "math_test_number_theory_59", "stage": "base4096", "finish_reason": "stop", "complete": true, "tokens": 808, "cumulative_tokens": 339829}
{"task_id": "math_test_prealgebra_2", "stage": "base4096", "finish_reason": "stop", "complete": true, "tokens": 336, "cumulative_tokens": 340165}
{"task_id": "math_test_prealgebra_17", "stage": "base4096", "finish_reason": "stop", "complete": true, "tokens": 746, "cumulative_tokens": 340911}
{"task_id": "math_test_number_theory_69", "stage": "base4096", "finish_reason": "stop", "complete": true, "tokens": 722, "cumulative_tokens": 341633}
{"task_id": "math_test_prealgebra_265", "stage": "base4096", "finish_reason": "stop", "complete": true, "tokens": 416, "cumulative_tokens": 342049}
{"task_id": "math_test_prealgebra_331", "stage": "base4096", "finish_reason": "stop", "complete": true, "tokens": 251, "cumulative_tokens": 342300}
{"task_id": "math_test_prealgebra_388", "stage": "base4096", "finish_reason": "stop", "complete": true, "tokens": 305, "cumulative_tokens": 342605}
{"task_id": "math_test_prealgebra_322", "stage": "base4096", "finish_reason": "stop", "complete": true, "tokens": 329, "cumulative_tokens": 342934}
{"task_id": "math_test_prealgebra_38", "stage": "base4096", "finish_reason": "stop", "complete": true, "tokens": 247, "cumulative_tokens": 343181}
{"task_id": "math_test_number_theory_77", "stage": "base4096", "finish_reason": "stop", "complete": true, "tokens": 689, "cumulative_tokens": 343870}
{"task_id": "math_test_prealgebra_372", "stage": "base4096", "finish_reason": "stop", "complete": true, "tokens": 229, "cumulative_tokens": 344099}
{"task_id": "math_test_prealgebra_413", "stage": "base4096", "finish_reason": "stop", "complete": true, "tokens": 200, "cumulative_tokens": 344299}
{"task_id": "math_test_number_theory_34", "stage": "base4096", "finish_reason": "stop", "complete": true, "tokens": 1133, "cumulative_tokens": 345432}
{"task_id": "math_test_prealgebra_354", "stage": "base4096", "finish_reason": "stop", "complete": true, "tokens": 305, "cumulative_tokens": 345737}
{"task_id": "math_test_prealgebra_245", "stage": "base4096", "finish_reason": "stop", "complete": true, "tokens": 390, "cumulative_tokens": 346127}
{"task_id": "math_test_prealgebra_293", "stage": "base4096", "finish_reason": "stop", "complete": true, "tokens": 422, "cumulative_tokens": 346549}
{"task_id": "math_test_intermediate_algebra_314", "stage": "base4096", "finish_reason": "length", "complete": false, "tokens": 4208, "cumulative_tokens": 350757}
{"task_id": "math_test_prealgebra_423", "stage": "base4096", "finish_reason": "stop", "complete": true, "tokens": 261, "cumulative_tokens": 351018}
{"task_id": "math_test_prealgebra_357", "stage": "base4096", "finish_reason": "stop", "complete": true, "tokens": 352, "cumulative_tokens": 351370}
{"task_id": "math_test_intermediate_algebra_685", "stage": "base4096", "finish_reason": "stop", "complete": true, "tokens": 3355, "cumulative_tokens": 354725}
{"task_id": "math_test_number_theory_64", "stage": "base4096", "finish_reason": "stop", "complete": true, "tokens": 1009, "cumulative_tokens": 355734}
{"task_id": "math_test_geometry_56", "stage": "base4096", "finish_reason": "length", "complete": false, "tokens": 4236, "cumulative_tokens": 359970}
{"task_id": "math_test_prealgebra_428", "stage": "base4096", "finish_reason": "stop", "complete": true, "tokens": 297, "cumulative_tokens": 360267}
{"task_id": "math_test_prealgebra_256", "stage": "base4096", "finish_reason": "stop", "complete": true, "tokens": 592, "cumulative_tokens": 360859}
{"task_id": "math_test_prealgebra_157", "stage": "base4096", "finish_reason": "stop", "complete": true, "tokens": 775, "cumulative_tokens": 361634}
{"task_id": "math_test_intermediate_algebra_238", "stage": "base4096", "finish_reason": "length", "complete": false, "tokens": 4460, "cumulative_tokens": 366094}
{"task_id": "math_test_number_theory_445", "stage": "base4096", "finish_reason": "stop", "complete": true, "tokens": 1277, "cumulative_tokens": 367371}
{"task_id": "math_test_prealgebra_399", "stage": "base4096", "finish_reason": "stop", "complete": true, "tokens": 362, "cumulative_tokens": 367733}
{"task_id": "math_test_prealgebra_171", "stage": "base4096", "finish_reason": "stop", "complete": true, "tokens": 859, "cumulative_tokens": 368592}
{"task_id": "math_test_prealgebra_587", "stage": "base4096", "finish_reason": "stop", "complete": true, "tokens": 151, "cumulative_tokens": 368743}
{"task_id": "math_test_prealgebra_566", "stage": "base4096", "finish_reason": "stop", "complete": true, "tokens": 248, "cumulative_tokens": 368991}
{"task_id": "math_test_prealgebra_529", "stage": "base4096", "finish_reason": "stop", "complete": true, "tokens": 205, "cumulative_tokens": 369196}
{"task_id": "math_test_prealgebra_63", "stage": "base4096", "finish_reason": "stop", "complete": true, "tokens": 186, "cumulative_tokens": 369382}
{"task_id": "math_test_prealgebra_493", "stage": "base4096", "finish_reason": "stop", "complete": true, "tokens": 227, "cumulative_tokens": 369609}
{"task_id": "math_test_prealgebra_557", "stage": "base4096", "finish_reason": "stop", "complete": true, "tokens": 198, "cumulative_tokens": 369807}
{"task_id": "math_test_prealgebra_617", "stage": "base4096", "finish_reason": "stop", "complete": true, "tokens": 240, "cumulative_tokens": 370047}
{"task_id": "math_test_prealgebra_55", "stage": "base4096", "finish_reason": "stop", "complete": true, "tokens": 293, "cumulative_tokens": 370340}
{"task_id": "math_test_prealgebra_569", "stage": "base4096", "finish_reason": "stop", "complete": true, "tokens": 288, "cumulative_tokens": 370628}
{"task_id": "math_test_prealgebra_625", "stage": "base4096", "finish_reason": "stop", "complete": true, "tokens": 274, "cumulative_tokens": 370902}
{"task_id": "math_test_prealgebra_603", "stage": "base4096", "finish_reason": "stop", "complete": true, "tokens": 204, "cumulative_tokens": 371106}
{"task_id": "math_test_prealgebra_630", "stage": "base4096", "finish_reason": "stop", "complete": true, "tokens": 169, "cumulative_tokens": 371275}
{"task_id": "math_test_prealgebra_525", "stage": "base4096", "finish_reason": "stop", "complete": true, "tokens": 337, "cumulative_tokens": 371612}
{"task_id": "math_test_prealgebra_598", "stage": "base4096", "finish_reason": "stop", "complete": true, "tokens": 241, "cumulative_tokens": 371853}
{"task_id": "math_test_prealgebra_562", "stage": "base4096", "finish_reason": "stop", "complete": true, "tokens": 328, "cumulative_tokens": 372181}
{"task_id": "math_test_prealgebra_473", "stage": "base4096", "finish_reason": "stop", "complete": true, "tokens": 449, "cumulative_tokens": 372630}
{"task_id": "math_test_prealgebra_61", "stage": "base4096", "finish_reason": "stop", "complete": true, "tokens": 365, "cumulative_tokens": 372995}
{"task_id": "math_test_prealgebra_466", "stage": "base4096", "finish_reason": "stop", "complete": true, "tokens": 400, "cumulative_tokens": 373395}
{"task_id": "math_test_prealgebra_652", "stage": "base4096", "finish_reason": "stop", "complete": true, "tokens": 249, "cumulative_tokens": 373644}
{"task_id": "math_test_prealgebra_479", "stage": "base4096", "finish_reason": "stop", "complete": true, "tokens": 226, "cumulative_tokens": 373870}
{"task_id": "math_test_prealgebra_456", "stage": "base4096", "finish_reason": "stop", "complete": true, "tokens": 507, "cumulative_tokens": 374377}
{"task_id": "math_test_prealgebra_660", "stage": "base4096", "finish_reason": "stop", "complete": true, "tokens": 240, "cumulative_tokens": 374617}
{"task_id": "math_test_prealgebra_475", "stage": "base4096", "finish_reason": "stop", "complete": true, "tokens": 309, "cumulative_tokens": 374926}
{"task_id": "math_test_prealgebra_454", "stage": "base4096", "finish_reason": "stop", "complete": true, "tokens": 349, "cumulative_tokens": 375275}
{"task_id": "math_test_prealgebra_70", "stage": "base4096", "finish_reason": "stop", "complete": true, "tokens": 450, "cumulative_tokens": 375725}
{"task_id": "math_test_prealgebra_668", "stage": "base4096", "finish_reason": "stop", "complete": true, "tokens": 212, "cumulative_tokens": 375937}
{"task_id": "math_test_prealgebra_693", "stage": "base4096", "finish_reason": "stop", "complete": true, "tokens": 219, "cumulative_tokens": 376156}
{"task_id": "math_test_prealgebra_720", "stage": "base4096", "finish_reason": "stop", "complete": true, "tokens": 228, "cumulative_tokens": 376384}
{"task_id": "math_test_prealgebra_707", "stage": "base4096", "finish_reason": "stop", "complete": true, "tokens": 314, "cumulative_tokens": 376698}
{"task_id": "math_test_prealgebra_738", "stage": "base4096", "finish_reason": "stop", "complete": true, "tokens": 281, "cumulative_tokens": 376979}
{"task_id": "math_test_prealgebra_626", "stage": "base4096", "finish_reason": "stop", "complete": true, "tokens": 455, "cumulative_tokens": 377434}
{"task_id": "math_test_prealgebra_606", "stage": "base4096", "finish_reason": "stop", "complete": true, "tokens": 383, "cumulative_tokens": 377817}
{"task_id": "math_test_prealgebra_739", "stage": "base4096", "finish_reason": "stop", "complete": true, "tokens": 243, "cumulative_tokens": 378060}
{"task_id": "math_test_intermediate_algebra_57", "stage": "base4096", "finish_reason": "length", "complete": false, "tokens": 4244, "cumulative_tokens": 382304}
{"task_id": "math_test_prealgebra_592", "stage": "base4096", "finish_reason": "stop", "complete": true, "tokens": 500, "cumulative_tokens": 382804}
{"task_id": "math_test_prealgebra_699", "stage": "base4096", "finish_reason": "stop", "complete": true, "tokens": 416, "cumulative_tokens": 383220}
{"task_id": "math_test_prealgebra_666", "stage": "base4096", "finish_reason": "stop", "complete": true, "tokens": 444, "cumulative_tokens": 383664}
{"task_id": "math_test_prealgebra_76", "stage": "base4096", "finish_reason": "stop", "complete": true, "tokens": 241, "cumulative_tokens": 383905}
{"task_id": "math_test_prealgebra_444", "stage": "base4096", "finish_reason": "stop", "complete": true, "tokens": 536, "cumulative_tokens": 384441}
{"task_id": "math_test_prealgebra_764", "stage": "base4096", "finish_reason": "stop", "complete": true, "tokens": 238, "cumulative_tokens": 384679}
{"task_id": "math_test_prealgebra_841", "stage": "base4096", "finish_reason": "stop", "complete": true, "tokens": 224, "cumulative_tokens": 384903}
{"task_id": "math_test_prealgebra_751", "stage": "base4096", "finish_reason": "stop", "complete": true, "tokens": 292, "cumulative_tokens": 385195}
{"task_id": "math_test_prealgebra_97", "stage": "base4096", "finish_reason": "stop", "complete": true, "tokens": 277, "cumulative_tokens": 385472}
{"task_id": "math_test_prealgebra_840", "stage": "base4096", "finish_reason": "stop", "complete": true, "tokens": 372, "cumulative_tokens": 385844}
{"task_id": "math_test_prealgebra_853", "stage": "base4096", "finish_reason": "stop", "complete": true, "tokens": 333, "cumulative_tokens": 386177}
{"task_id": "math_test_intermediate_algebra_778", "stage": "base4096", "finish_reason": "stop", "complete": true, "tokens": 3142, "cumulative_tokens": 389319}
{"task_id": "math_test_prealgebra_775", "stage": "base4096", "finish_reason": "stop", "complete": true, "tokens": 441, "cumulative_tokens": 389760}
{"task_id": "math_test_precalculus_113", "stage": "base4096", "finish_reason": "stop", "complete": true, "tokens": 394, "cumulative_tokens": 390154}
{"task_id": "math_test_prealgebra_701", "stage": "base4096", "finish_reason": "stop", "complete": true, "tokens": 486, "cumulative_tokens": 390640}
{"task_id": "math_test_prealgebra_602", "stage": "base4096", "finish_reason": "stop", "complete": true, "tokens": 629, "cumulative_tokens": 391269}
{"task_id": "math_test_prealgebra_730", "stage": "base4096", "finish_reason": "stop", "complete": true, "tokens": 594, "cumulative_tokens": 391863}
{"task_id": "math_test_number_theory_209", "stage": "base4096", "finish_reason": "stop", "complete": true, "tokens": 2388, "cumulative_tokens": 394251}
{"task_id": "math_test_prealgebra_784", "stage": "base4096", "finish_reason": "stop", "complete": true, "tokens": 423, "cumulative_tokens": 394674}
{"task_id": "math_test_precalculus_290", "stage": "base4096", "finish_reason": "stop", "complete": true, "tokens": 283, "cumulative_tokens": 394957}
{"task_id": "math_test_precalculus_176", "stage": "base4096", "finish_reason": "stop", "complete": true, "tokens": 509, "cumulative_tokens": 395466}
{"task_id": "math_test_precalculus_144", "stage": "base4096", "finish_reason": "stop", "complete": true, "tokens": 498, "cumulative_tokens": 395964}
{"task_id": "math_test_prealgebra_791", "stage": "base4096", "finish_reason": "stop", "complete": true, "tokens": 489, "cumulative_tokens": 396453}
{"task_id": "math_test_prealgebra_449", "stage": "base4096", "finish_reason": "stop", "complete": true, "tokens": 868, "cumulative_tokens": 397321}
{"task_id": "math_test_prealgebra_94", "stage": "base4096", "finish_reason": "stop", "complete": true, "tokens": 494, "cumulative_tokens": 397815}
{"task_id": "math_test_precalculus_232", "stage": "base4096", "finish_reason": "stop", "complete": true, "tokens": 407, "cumulative_tokens": 398222}
{"task_id": "math_test_prealgebra_729", "stage": "base4096", "finish_reason": "stop", "complete": true, "tokens": 613, "cumulative_tokens": 398835}
{"task_id": "math_test_precalculus_293", "stage": "base4096", "finish_reason": "stop", "complete": true, "tokens": 353, "cumulative_tokens": 399188}
{"task_id": "math_test_precalculus_295", "stage": "base4096", "finish_reason": "stop", "complete": true, "tokens": 408, "cumulative_tokens": 399596}
{"task_id": "math_test_precalculus_163", "stage": "base4096", "finish_reason": "stop", "complete": true, "tokens": 624, "cumulative_tokens": 400220}
{"task_id": "math_test_prealgebra_95", "stage": "base4096", "finish_reason": "stop", "complete": true, "tokens": 605, "cumulative_tokens": 400825}
{"task_id": "math_test_intermediate_algebra_400", "stage": "base4096", "finish_reason": "length", "complete": false, "tokens": 4231, "cumulative_tokens": 405056}
{"task_id": "math_test_prealgebra_191", "stage": "base4096", "finish_reason": "stop", "complete": true, "tokens": 1482, "cumulative_tokens": 406538}
{"task_id": "math_test_number_theory_522", "stage": "base4096", "finish_reason": "stop", "complete": true, "tokens": 2007, "cumulative_tokens": 408545}
{"task_id": "math_test_precalculus_120", "stage": "base4096", "finish_reason": "stop", "complete": true, "tokens": 656, "cumulative_tokens": 409201}
{"task_id": "math_test_prealgebra_19", "stage": "base4096", "finish_reason": "stop", "complete": true, "tokens": 1719, "cumulative_tokens": 410920}
{"task_id": "math_test_precalculus_352", "stage": "base4096", "finish_reason": "stop", "complete": true, "tokens": 467, "cumulative_tokens": 411387}
{"task_id": "math_test_intermediate_algebra_618", "stage": "base4096", "finish_reason": "length", "complete": false, "tokens": 4261, "cumulative_tokens": 415648}
{"task_id": "math_test_precalculus_268", "stage": "base4096", "finish_reason": "stop", "complete": true, "tokens": 627, "cumulative_tokens": 416275}
{"task_id": "math_test_precalculus_380", "stage": "base4096", "finish_reason": "stop", "complete": true, "tokens": 491, "cumulative_tokens": 416766}
{"task_id": "math_test_precalculus_372", "stage": "base4096", "finish_reason": "stop", "complete": true, "tokens": 514, "cumulative_tokens": 417280}
{"task_id": "math_test_prealgebra_570", "stage": "base4096", "finish_reason": "stop", "complete": true, "tokens": 1156, "cumulative_tokens": 418436}
{"task_id": "math_test_precalculus_527", "stage": "base4096", "finish_reason": "stop", "complete": true, "tokens": 412, "cumulative_tokens": 418848}
{"task_id": "math_test_precalculus_236", "stage": "base4096", "finish_reason": "stop", "complete": true, "tokens": 757, "cumulative_tokens": 419605}
{"task_id": "math_test_precalculus_217", "stage": "base4096", "finish_reason": "stop", "complete": true, "tokens": 938, "cumulative_tokens": 420543}
{"task_id": "math_test_precalculus_529", "stage": "base4096", "finish_reason": "stop", "complete": true, "tokens": 386, "cumulative_tokens": 420929}
{"task_id": "math_test_precalculus_387", "stage": "base4096", "finish_reason": "stop", "complete": true, "tokens": 581, "cumulative_tokens": 421510}
{"task_id": "math_test_precalculus_315", "stage": "base4096", "finish_reason": "stop", "complete": true, "tokens": 751, "cumulative_tokens": 422261}
{"task_id": "math_test_precalculus_289", "stage": "base4096", "finish_reason": "stop", "complete": true, "tokens": 803, "cumulative_tokens": 423064}
{"task_id": "math_test_precalculus_368", "stage": "base4096", "finish_reason": "stop", "complete": true, "tokens": 810, "cumulative_tokens": 423874}
{"task_id": "math_test_intermediate_algebra_749", "stage": "base4096", "finish_reason": "stop", "complete": true, "tokens": 3553, "cumulative_tokens": 427427}
{"task_id": "math_test_precalculus_88", "stage": "base4096", "finish_reason": "stop", "complete": true, "tokens": 280, "cumulative_tokens": 427707}
{"task_id": "math_test_precalculus_532", "stage": "base4096", "finish_reason": "stop", "complete": true, "tokens": 554, "cumulative_tokens": 428261}
{"task_id": "math_test_intermediate_algebra_804", "stage": "base4096", "finish_reason": "stop", "complete": true, "tokens": 3976, "cumulative_tokens": 432237}
{"task_id": "math_test_precalculus_422", "stage": "base4096", "finish_reason": "stop", "complete": true, "tokens": 632, "cumulative_tokens": 432869}
{"task_id": "math_test_precalculus_36", "stage": "base4096", "finish_reason": "stop", "complete": true, "tokens": 724, "cumulative_tokens": 433593}
{"task_id": "math_test_precalculus_243", "stage": "base4096", "finish_reason": "stop", "complete": true, "tokens": 1151, "cumulative_tokens": 434744}
{"task_id": "math_test_precalculus_220", "stage": "base4096", "finish_reason": "stop", "complete": true, "tokens": 1121, "cumulative_tokens": 435865}
{"task_id": "math_test_precalculus_347", "stage": "base4096", "finish_reason": "stop", "complete": true, "tokens": 1048, "cumulative_tokens": 436913}
{"task_id": "math_test_precalculus_500", "stage": "base4096", "finish_reason": "stop", "complete": true, "tokens": 615, "cumulative_tokens": 437528}
{"task_id": "math_test_precalculus_58", "stage": "base4096", "finish_reason": "stop", "complete": true, "tokens": 524, "cumulative_tokens": 438052}
{"task_id": "math_test_prealgebra_0", "stage": "base4096", "finish_reason": "stop", "complete": true, "tokens": 1957, "cumulative_tokens": 440009}
{"task_id": "math_test_precalculus_415", "stage": "base4096", "finish_reason": "stop", "complete": true, "tokens": 786, "cumulative_tokens": 440795}
{"task_id": "math_test_intermediate_algebra_494", "stage": "base4096", "finish_reason": "length", "complete": false, "tokens": 4316, "cumulative_tokens": 445111}
{"task_id": "math_test_number_theory_248", "stage": "base4096", "finish_reason": "stop", "complete": true, "tokens": 3094, "cumulative_tokens": 448205}
{"task_id": "math_test_intermediate_algebra_700", "stage": "base4096", "finish_reason": "stop", "complete": true, "tokens": 3993, "cumulative_tokens": 452198}
{"task_id": "math_test_precalculus_80", "stage": "base4096", "finish_reason": "stop", "complete": true, "tokens": 579, "cumulative_tokens": 452777}
{"task_id": "math_test_precalculus_403", "stage": "base4096", "finish_reason": "stop", "complete": true, "tokens": 942, "cumulative_tokens": 453719}
{"task_id": "math_test_precalculus_4", "stage": "base4096", "finish_reason": "stop", "complete": true, "tokens": 1325, "cumulative_tokens": 455044}
{"task_id": "math_test_precalculus_539", "stage": "base4096", "finish_reason": "stop", "complete": true, "tokens": 986, "cumulative_tokens": 456030}
{"task_id": "math_test_precalculus_185", "stage": "base4096", "finish_reason": "stop", "complete": true, "tokens": 1334, "cumulative_tokens": 457364}
{"task_id": "math_test_precalculus_272", "stage": "base4096", "finish_reason": "stop", "complete": true, "tokens": 1331, "cumulative_tokens": 458695}
{"task_id": "math_test_number_theory_160", "stage": "base4096", "finish_reason": "stop", "complete": true, "tokens": 3115, "cumulative_tokens": 461810}
{"task_id": "math_test_precalculus_541", "stage": "base4096", "finish_reason": "stop", "complete": true, "tokens": 992, "cumulative_tokens": 462802}
{"task_id": "math_test_prealgebra_596", "stage": "base4096", "finish_reason": "stop", "complete": true, "tokens": 2050, "cumulative_tokens": 464852}
{"task_id": "math_test_precalculus_530", "stage": "base4096", "finish_reason": "stop", "complete": true, "tokens": 1059, "cumulative_tokens": 465911}
{"task_id": "math_test_precalculus_506", "stage": "base4096", "finish_reason": "stop", "complete": true, "tokens": 1385, "cumulative_tokens": 467296}
{"task_id": "math_test_intermediate_algebra_741", "stage": "base4096", "finish_reason": "length", "complete": false, "tokens": 4299, "cumulative_tokens": 471595}
{"task_id": "math_test_precalculus_261", "stage": "base4096", "finish_reason": "stop", "complete": true, "tokens": 1933, "cumulative_tokens": 473528}
{"task_id": "math_test_intermediate_algebra_93", "stage": "base4096", "finish_reason": "stop", "complete": true, "tokens": 4149, "cumulative_tokens": 477677}
{"task_id": "math_test_precalculus_399", "stage": "base4096", "finish_reason": "stop", "complete": true, "tokens": 1586, "cumulative_tokens": 479263}
{"task_id": "math_test_precalculus_82", "stage": "base4096", "finish_reason": "stop", "complete": true, "tokens": 1256, "cumulative_tokens": 480519}
{"task_id": "math_test_precalculus_55", "stage": "base4096", "finish_reason": "stop", "complete": true, "tokens": 1482, "cumulative_tokens": 482001}
{"task_id": "math_test_precalculus_49", "stage": "base4096", "finish_reason": "stop", "complete": true, "tokens": 1810, "cumulative_tokens": 483811}
{"task_id": "math_test_precalculus_65", "stage": "base4096", "finish_reason": "stop", "complete": true, "tokens": 2267, "cumulative_tokens": 486078}
{"task_id": "math_test_precalculus_109", "stage": "base4096", "finish_reason": "stop", "complete": true, "tokens": 3056, "cumulative_tokens": 489134}
{"task_id": "math_test_prealgebra_385", "stage": "base4096", "finish_reason": "stop", "complete": true, "tokens": 3082, "cumulative_tokens": 492216}
{"task_id": "math_test_number_theory_521", "stage": "base4096", "finish_reason": "stop", "complete": true, "tokens": 3740, "cumulative_tokens": 495956}
{"task_id": "math_test_prealgebra_821", "stage": "base4096", "finish_reason": "stop", "complete": true, "tokens": 2561, "cumulative_tokens": 498517}
{"task_id": "math_test_number_theory_491", "stage": "base4096", "finish_reason": "length", "complete": false, "tokens": 4187, "cumulative_tokens": 502704}
{"task_id": "math_test_precalculus_338", "stage": "base4096", "finish_reason": "stop", "complete": true, "tokens": 2871, "cumulative_tokens": 505575}
{"task_id": "math_test_precalculus_471", "stage": "base4096", "finish_reason": "stop", "complete": true, "tokens": 3155, "cumulative_tokens": 508730}
{"task_id": "math_test_precalculus_0", "stage": "base4096", "finish_reason": "stop", "complete": true, "tokens": 2780, "cumulative_tokens": 511510}
{"task_id": "math_test_prealgebra_294", "stage": "base4096", "finish_reason": "length", "complete": false, "tokens": 4315, "cumulative_tokens": 515825}
{"task_id": "math_test_prealgebra_124", "stage": "base4096", "finish_reason": "length", "complete": false, "tokens": 4479, "cumulative_tokens": 520304}
{"task_id": "math_test_prealgebra_551", "stage": "base4096", "finish_reason": "length", "complete": false, "tokens": 4434, "cumulative_tokens": 524738}
{"task_id": "math_test_precalculus_187", "stage": "base4096", "finish_reason": "stop", "complete": true, "tokens": 4067, "cumulative_tokens": 528805}
{"task_id": "math_test_precalculus_392", "stage": "base4096", "finish_reason": "length", "complete": false, "tokens": 4201, "cumulative_tokens": 533006}
{"task_id": "math_test_prealgebra_590", "stage": "base4096", "finish_reason": "length", "complete": false, "tokens": 4588, "cumulative_tokens": 537594}
{"task_id": "math_test_precalculus_391", "stage": "base4096", "finish_reason": "length", "complete": false, "tokens": 4193, "cumulative_tokens": 541787}
{"task_id": "math_test_precalculus_423", "stage": "base4096", "finish_reason": "length", "complete": false, "tokens": 4237, "cumulative_tokens": 546024}
{"task_id": "math_test_precalculus_75", "stage": "base4096", "finish_reason": "length", "complete": false, "tokens": 4265, "cumulative_tokens": 550289}
{"task_id": "math_test_precalculus_7", "stage": "base4096", "finish_reason": "length", "complete": false, "tokens": 4405, "cumulative_tokens": 554694}
{"task_id": "math_test_precalculus_99", "stage": "base4096", "finish_reason": "length", "complete": false, "tokens": 4233, "cumulative_tokens": 558927}
{"task_id": "math_test_intermediate_algebra_103", "stage": "control4096", "finish_reason": "stop", "complete": true, "tokens": 1411, "cumulative_tokens": 560338}
{"task_id": "math_test_intermediate_algebra_103", "stage": "upgrade8192", "finish_reason": "stop", "complete": true, "tokens": 1516, "cumulative_tokens": 561854}
{"task_id": "math_test_algebra_751", "stage": "control4096", "finish_reason": "stop", "complete": true, "tokens": 1512, "cumulative_tokens": 563366}
{"task_id": "math_test_precalculus_7", "stage": "upgrade8192", "finish_reason": "stop", "complete": true, "tokens": 2056, "cumulative_tokens": 565422}
{"task_id": "math_test_prealgebra_294", "stage": "control4096", "finish_reason": "stop", "complete": true, "tokens": 2031, "cumulative_tokens": 567453}
{"task_id": "math_test_intermediate_algebra_400", "stage": "upgrade8192", "finish_reason": "stop", "complete": true, "tokens": 2282, "cumulative_tokens": 569735}
{"task_id": "math_test_intermediate_algebra_400", "stage": "control4096", "finish_reason": "stop", "complete": true, "tokens": 2382, "cumulative_tokens": 572117}
{"task_id": "math_test_precalculus_7", "stage": "control4096", "finish_reason": "stop", "complete": true, "tokens": 2799, "cumulative_tokens": 574916}
{"task_id": "math_test_algebra_751", "stage": "upgrade8192", "finish_reason": "stop", "complete": true, "tokens": 2670, "cumulative_tokens": 577586}
{"task_id": "math_test_counting_probability_42", "stage": "upgrade8192", "finish_reason": "stop", "complete": true, "tokens": 2735, "cumulative_tokens": 580321}
{"task_id": "math_test_geometry_200", "stage": "control4096", "finish_reason": "stop", "complete": true, "tokens": 2609, "cumulative_tokens": 582930}
{"task_id": "math_test_intermediate_algebra_238", "stage": "upgrade8192", "finish_reason": "stop", "complete": true, "tokens": 2990, "cumulative_tokens": 585920}
{"task_id": "math_test_geometry_200", "stage": "upgrade8192", "finish_reason": "stop", "complete": true, "tokens": 2952, "cumulative_tokens": 588872}
{"task_id": "math_test_prealgebra_294", "stage": "upgrade8192", "finish_reason": "stop", "complete": true, "tokens": 2900, "cumulative_tokens": 591772}
{"task_id": "math_test_intermediate_algebra_314", "stage": "control4096", "finish_reason": "stop", "complete": true, "tokens": 2870, "cumulative_tokens": 594642}
{"task_id": "math_test_geometry_85", "stage": "upgrade8192", "finish_reason": "stop", "complete": true, "tokens": 3392, "cumulative_tokens": 598034}
{"task_id": "math_test_precalculus_391", "stage": "upgrade8192", "finish_reason": "stop", "complete": true, "tokens": 3335, "cumulative_tokens": 601369}
{"task_id": "math_test_intermediate_algebra_241", "stage": "control4096", "finish_reason": "stop", "complete": true, "tokens": 4098, "cumulative_tokens": 605467}
{"task_id": "math_test_intermediate_algebra_241", "stage": "upgrade8192", "finish_reason": "stop", "complete": true, "tokens": 4194, "cumulative_tokens": 609661}
{"task_id": "math_test_intermediate_algebra_314", "stage": "upgrade8192", "finish_reason": "stop", "complete": true, "tokens": 3531, "cumulative_tokens": 613192}
{"task_id": "math_test_algebra_789", "stage": "control4096", "finish_reason": "stop", "complete": true, "tokens": 4158, "cumulative_tokens": 617350}
{"task_id": "math_test_intermediate_algebra_31", "stage": "control4096", "finish_reason": "length", "complete": false, "tokens": 4241, "cumulative_tokens": 621591}
{"task_id": "math_test_intermediate_algebra_122", "stage": "control4096", "finish_reason": "length", "complete": false, "tokens": 4326, "cumulative_tokens": 625917}
{"task_id": "math_test_precalculus_423", "stage": "control4096", "finish_reason": "length", "complete": false, "tokens": 4237, "cumulative_tokens": 630154}
{"task_id": "math_test_geometry_410", "stage": "upgrade8192", "finish_reason": "stop", "complete": true, "tokens": 3305, "cumulative_tokens": 633459}
{"task_id": "math_test_precalculus_391", "stage": "control4096", "finish_reason": "length", "complete": false, "tokens": 4193, "cumulative_tokens": 637652}
{"task_id": "math_test_prealgebra_551", "stage": "control4096", "finish_reason": "stop", "complete": true, "tokens": 4211, "cumulative_tokens": 641863}
{"task_id": "math_test_algebra_789", "stage": "upgrade8192", "finish_reason": "stop", "complete": true, "tokens": 4401, "cumulative_tokens": 646264}
{"task_id": "math_test_intermediate_algebra_57", "stage": "control4096", "finish_reason": "length", "complete": false, "tokens": 4244, "cumulative_tokens": 650508}
{"task_id": "math_test_intermediate_algebra_618", "stage": "control4096", "finish_reason": "length", "complete": false, "tokens": 4261, "cumulative_tokens": 654769}
{"task_id": "math_test_precalculus_392", "stage": "control4096", "finish_reason": "length", "complete": false, "tokens": 4201, "cumulative_tokens": 658970}
{"task_id": "math_test_algebra_1161", "stage": "control4096", "finish_reason": "length", "complete": false, "tokens": 4524, "cumulative_tokens": 663494}
{"task_id": "math_test_number_theory_491", "stage": "control4096", "finish_reason": "length", "complete": false, "tokens": 4187, "cumulative_tokens": 667681}
{"task_id": "math_test_precalculus_75", "stage": "control4096", "finish_reason": "length", "complete": false, "tokens": 4265, "cumulative_tokens": 671946}
{"task_id": "math_test_counting_probability_42", "stage": "control4096", "finish_reason": "length", "complete": false, "tokens": 4498, "cumulative_tokens": 676444}
{"task_id": "math_test_geometry_85", "stage": "control4096", "finish_reason": "length", "complete": false, "tokens": 4409, "cumulative_tokens": 680853}
{"task_id": "math_test_prealgebra_551", "stage": "upgrade8192", "finish_reason": "stop", "complete": true, "tokens": 4860, "cumulative_tokens": 685713}
{"task_id": "math_test_precalculus_99", "stage": "control4096", "finish_reason": "length", "complete": false, "tokens": 4233, "cumulative_tokens": 689946}
{"task_id": "math_test_geometry_410", "stage": "control4096", "finish_reason": "length", "complete": false, "tokens": 4299, "cumulative_tokens": 694245}
{"task_id": "math_test_geometry_345", "stage": "control4096", "finish_reason": "length", "complete": false, "tokens": 4201, "cumulative_tokens": 698446}
{"task_id": "math_test_intermediate_algebra_494", "stage": "control4096", "finish_reason": "length", "complete": false, "tokens": 4316, "cumulative_tokens": 702762}
{"task_id": "math_test_intermediate_algebra_238", "stage": "control4096", "finish_reason": "length", "complete": false, "tokens": 4460, "cumulative_tokens": 707222}
{"task_id": "math_test_intermediate_algebra_741", "stage": "control4096", "finish_reason": "length", "complete": false, "tokens": 4299, "cumulative_tokens": 711521}
{"task_id": "math_test_geometry_56", "stage": "control4096", "finish_reason": "length", "complete": false, "tokens": 4236, "cumulative_tokens": 715757}
{"task_id": "math_test_prealgebra_590", "stage": "control4096", "finish_reason": "length", "complete": false, "tokens": 4588, "cumulative_tokens": 720345}
{"task_id": "math_test_prealgebra_124", "stage": "control4096", "finish_reason": "length", "complete": false, "tokens": 4479, "cumulative_tokens": 724824}
{"task_id": "math_test_precalculus_75", "stage": "upgrade8192", "finish_reason": "stop", "complete": true, "tokens": 3913, "cumulative_tokens": 728737}
{"task_id": "math_test_geometry_20", "stage": "control4096", "finish_reason": "length", "complete": false, "tokens": 4565, "cumulative_tokens": 733302}
{"task_id": "math_test_geometry_238", "stage": "control4096", "finish_reason": "length", "complete": false, "tokens": 4384, "cumulative_tokens": 737686}
{"task_id": "math_test_precalculus_423", "stage": "upgrade8192", "finish_reason": "stop", "complete": true, "tokens": 5708, "cumulative_tokens": 743394}
{"task_id": "math_test_geometry_345", "stage": "upgrade8192", "finish_reason": "stop", "complete": true, "tokens": 4993, "cumulative_tokens": 748387}
{"task_id": "math_test_intermediate_algebra_122", "stage": "upgrade8192", "finish_reason": "stop", "complete": true, "tokens": 7001, "cumulative_tokens": 755388}
{"task_id": "math_test_intermediate_algebra_57", "stage": "upgrade8192", "finish_reason": "stop", "complete": true, "tokens": 7406, "cumulative_tokens": 762794}
{"task_id": "math_test_intermediate_algebra_618", "stage": "upgrade8192", "finish_reason": "length", "complete": false, "tokens": 8357, "cumulative_tokens": 771151}
{"task_id": "math_test_number_theory_491", "stage": "upgrade8192", "finish_reason": "stop", "complete": true, "tokens": 6732, "cumulative_tokens": 777883}
{"task_id": "math_test_precalculus_392", "stage": "upgrade8192", "finish_reason": "length", "complete": false, "tokens": 8297, "cumulative_tokens": 786180}
{"task_id": "math_test_intermediate_algebra_31", "stage": "upgrade8192", "finish_reason": "length", "complete": false, "tokens": 8337, "cumulative_tokens": 794517}
{"task_id": "math_test_algebra_1161", "stage": "upgrade8192", "finish_reason": "length", "complete": false, "tokens": 8620, "cumulative_tokens": 803137}
{"task_id": "math_test_precalculus_99", "stage": "upgrade8192", "finish_reason": "length", "complete": false, "tokens": 8329, "cumulative_tokens": 811466}
{"task_id": "math_test_geometry_238", "stage": "upgrade8192", "finish_reason": "stop", "complete": true, "tokens": 7700, "cumulative_tokens": 819166}
{"task_id": "math_test_intermediate_algebra_494", "stage": "upgrade8192", "finish_reason": "length", "complete": false, "tokens": 8412, "cumulative_tokens": 827578}
{"task_id": "math_test_intermediate_algebra_741", "stage": "upgrade8192", "finish_reason": "length", "complete": false, "tokens": 8395, "cumulative_tokens": 835973}
{"task_id": "math_test_prealgebra_124", "stage": "upgrade8192", "finish_reason": "length", "complete": false, "tokens": 8575, "cumulative_tokens": 844548}
{"task_id": "math_test_geometry_20", "stage": "upgrade8192", "finish_reason": "length", "complete": false, "tokens": 8661, "cumulative_tokens": 853209}
{"task_id": "math_test_prealgebra_590", "stage": "upgrade8192", "finish_reason": "length", "complete": false, "tokens": 8684, "cumulative_tokens": 861893}
{"task_id": "math_test_geometry_56", "stage": "upgrade8192", "finish_reason": "length", "complete": false, "tokens": 8332, "cumulative_tokens": 870225}
{"task_id": "math_test_geometry_20", "stage": "upgrade16384", "finish_reason": "stop", "complete": true, "tokens": 4100, "cumulative_tokens": 874325}
{"task_id": "math_test_intermediate_algebra_31", "stage": "upgrade16384", "finish_reason": "stop", "complete": true, "tokens": 5161, "cumulative_tokens": 879486}
{"task_id": "math_test_precalculus_392", "stage": "upgrade16384", "finish_reason": "stop", "complete": true, "tokens": 5637, "cumulative_tokens": 885123}
{"task_id": "math_test_intermediate_algebra_618", "stage": "upgrade16384", "finish_reason": "stop", "complete": true, "tokens": 7075, "cumulative_tokens": 892198}
{"task_id": "math_test_prealgebra_590", "stage": "upgrade16384", "finish_reason": "stop", "complete": true, "tokens": 6359, "cumulative_tokens": 898557}
{"task_id": "math_test_precalculus_99", "stage": "upgrade16384", "finish_reason": "stop", "complete": true, "tokens": 6822, "cumulative_tokens": 905379}
{"task_id": "math_test_intermediate_algebra_741", "stage": "upgrade16384", "finish_reason": "stop", "complete": true, "tokens": 8015, "cumulative_tokens": 913394}
{"task_id": "math_test_algebra_1161", "stage": "upgrade16384", "finish_reason": "length", "complete": false, "tokens": 16812, "cumulative_tokens": 930206}
{"task_id": "math_test_prealgebra_124", "stage": "upgrade16384", "finish_reason": "stop", "complete": true, "tokens": 15232, "cumulative_tokens": 945438}
{"task_id": "math_test_intermediate_algebra_494", "stage": "upgrade16384", "finish_reason": "length", "complete": false, "tokens": 16604, "cumulative_tokens": 962042}
{"task_id": "math_test_geometry_56", "stage": "upgrade16384", "finish_reason": "length", "complete": false, "tokens": 16524, "cumulative_tokens": 978566}
ALL GENERATION SEALED 577 calls 978566 tokens
