{
  "baseline": {
    "validation": {
      "n": 119,
      "v3_correct": 112,
      "v3_status_counts": {
        "correct": 112,
        "unknown": 6,
        "prediction_incomplete": 1
      },
      "reviewed_math_correct": 118,
      "math_unresolved": 0,
      "math_accuracy_lower": 0.9915966386554622,
      "math_accuracy_upper": 0.9915966386554622,
      "complete_math_errors": 0,
      "incomplete": 1,
      "input_tokens": 15563,
      "output_tokens": 195939,
      "reasoning_tokens": 168101,
      "tokens": 211502,
      "logical_calls": 119,
      "reused_calls": 0,
      "new_completed_calls": 119
    },
    "test": {
      "n": 486,
      "v3_correct": 460,
      "v3_status_counts": {
        "correct": 460,
        "unknown": 13,
        "prediction_incomplete": 5,
        "incorrect": 8
      },
      "reviewed_math_correct": 479,
      "math_unresolved": 2,
      "math_accuracy_lower": 0.98559670781893,
      "math_accuracy_upper": 0.9897119341563786,
      "complete_math_errors": 0,
      "incomplete": 5,
      "input_tokens": 66780,
      "output_tokens": 789934,
      "reasoning_tokens": 674300,
      "tokens": 856714,
      "logical_calls": 486,
      "reused_calls": 7,
      "new_completed_calls": 479
    },
    "all": {
      "n": 605,
      "v3_correct": 572,
      "v3_status_counts": {
        "correct": 572,
        "unknown": 19,
        "prediction_incomplete": 6,
        "incorrect": 8
      },
      "reviewed_math_correct": 597,
      "math_unresolved": 2,
      "math_accuracy_lower": 0.9867768595041322,
      "math_accuracy_upper": 0.9900826446280991,
      "complete_math_errors": 0,
      "incomplete": 6,
      "input_tokens": 82343,
      "output_tokens": 985873,
      "reasoning_tokens": 842401,
      "tokens": 1068216,
      "logical_calls": 605,
      "reused_calls": 7,
      "new_completed_calls": 598
    }
  },
  "generation_signals": {
    "initial_validation_noncorrect_v3_tasks": 7,
    "initial_math_not_correct_tasks": 1,
    "math_recovered_tasks": [
      "math_test_precalculus_485"
    ],
    "all_four_failed_tasks": [],
    "complete_math_error_recoveries": [],
    "majority_gaps": [],
    "verification_gaps": [],
    "certificate_tasks": 2,
    "certified_candidates": 8,
    "unsupported_candidates": 21,
    "symbolic_timeouts": 0
  },
  "physical_new_known_tokens": 1682920,
  "actual_physical_new_http_attempts": 955
}
