completed C_Executable__math_train_intermediate_algebra_818 tokens 0
completed B_Compact__math_train_algebra_1066 tokens 449
completed C_Executable__math_train_intermediate_algebra_676 tokens 0
completed C_Executable__math_train_algebra_1450 tokens 411
completed B_Compact__math_train_intermediate_algebra_818 tokens 462
completed A_NoBank__math_train_intermediate_algebra_676 tokens 478
completed B_Compact__math_train_algebra_606 tokens 549
completed C_Executable__math_train_algebra_1025 tokens 631
completed B_Compact__math_train_intermediate_algebra_957 tokens 738
completed A_NoBank__math_train_intermediate_algebra_310 tokens 1017
completed B_Compact__math_train_intermediate_algebra_310 tokens 1014
completed B_Compact__math_train_intermediate_algebra_676 tokens 552
completed A_NoBank__math_train_algebra_338 tokens 387
completed C_Executable__math_train_intermediate_algebra_1169 tokens 1205
completed A_NoBank__math_train_intermediate_algebra_429 tokens 1275
completed B_Compact__math_train_intermediate_algebra_681 tokens 847
completed A_NoBank__math_train_intermediate_algebra_104 tokens 1221
completed A_NoBank__math_train_intermediate_algebra_1150 tokens 892
completed C_Executable__math_train_intermediate_algebra_957 tokens 0
completed C_Executable__math_train_intermediate_algebra_429 tokens 0
completed A_NoBank__math_train_algebra_1066 tokens 344
completed A_NoBank__math_train_algebra_1450 tokens 234
completed A_NoBank__math_train_intermediate_algebra_681 tokens 399
completed A_NoBank__math_train_algebra_606 tokens 440
completed A_NoBank__math_train_intermediate_algebra_818 tokens 607
completed B_Compact__math_train_algebra_338 tokens 461
completed A_NoBank__math_train_intermediate_algebra_957 tokens 590
completed A_NoBank__math_train_intermediate_algebra_1169 tokens 1638
completed C_Executable__math_train_algebra_338 tokens 459
completed C_Executable__math_train_intermediate_algebra_681 tokens 570
completed B_Compact__math_train_algebra_1450 tokens 379
completed A_NoBank__math_train_algebra_1025 tokens 414
completed C_Executable__math_train_intermediate_algebra_104 tokens 1932
completed C_Executable__math_train_intermediate_algebra_310 tokens 1661
completed B_Compact__math_train_intermediate_algebra_104 tokens 1653
completed C_Executable__math_train_algebra_1066 tokens 561
completed C_Executable__math_train_algebra_606 tokens 627
completed B_Compact__math_train_algebra_1025 tokens 580
completed C_Executable__math_train_intermediate_algebra_1150 tokens 2507
completed B_Compact__math_train_intermediate_algebra_429 tokens 1721
completed B_Compact__math_train_intermediate_algebra_1150 tokens 3168
completed B_Compact__math_train_intermediate_algebra_1169 tokens 1823
COMPLETE 38 34896
